#
# There is insufficient memory for the Java Runtime Environment to continue.
# Native memory allocation (malloc) failed to allocate 2164992 bytes. Error detail: Chunk::new
# Possible reasons:
#   The system is out of physical RAM or swap space
#   This process is running with CompressedOops enabled, and the Java Heap may be blocking the growth of the native heap
# Possible solutions:
#   Reduce memory load on the system
#   Increase physical memory or swap space
#   Check if swap backing store is full
#   Decrease Java heap size (-Xmx/-Xms)
#   Decrease number of Java threads
#   Decrease Java thread stack sizes (-Xss)
#   Set larger code cache with -XX:ReservedCodeCacheSize=
#   JVM is running with Zero Based Compressed Oops mode in which the Java heap is
#     placed in the first 32GB address space. The Java Heap base address is the
#     maximum limit for the native heap growth. Please use -XX:HeapBaseMinAddress
#     to set the Java Heap base and to place the Java Heap above 32GB virtual address.
# This output file may be truncated or incomplete.
#
#  Out of Memory Error (arena.cpp:149), pid=31244, tid=7780
#
# JRE version: Java(TM) SE Runtime Environment (23.0+37) (build 23+37-2369)
# Java VM: Java HotSpot(TM) 64-Bit Server VM (23+37-2369, mixed mode, sharing, tiered, compressed oops, compressed class ptrs, g1 gc, windows-amd64)
# No core dump will be written. Minidumps are not enabled by default on client versions of Windows
#

---------------  S U M M A R Y ------------

Command Line: --add-opens=java.base/java.lang=ALL-UNNAMED --add-opens=java.base/java.lang.invoke=ALL-UNNAMED --add-opens=java.base/java.util=ALL-UNNAMED --add-opens=java.prefs/java.util.prefs=ALL-UNNAMED --add-exports=jdk.compiler/com.sun.tools.javac.api=ALL-UNNAMED --add-exports=jdk.compiler/com.sun.tools.javac.util=ALL-UNNAMED --add-opens=java.base/java.util=ALL-UNNAMED --add-opens=java.prefs/java.util.prefs=ALL-UNNAMED --add-opens=java.base/java.nio.charset=ALL-UNNAMED --add-opens=java.base/java.net=ALL-UNNAMED --add-opens=java.base/java.util.concurrent.atomic=ALL-UNNAMED --add-opens=java.xml/javax.xml.namespace=ALL-UNNAMED -XX:MaxMetaspaceSize=4G -XX:ReservedCodeCacheSize=512m -XX:+HeapDumpOnOutOfMemoryError -Xmx8G -Dfile.encoding=UTF-8 -Duser.country=IN -Duser.language=en -Duser.variant -javaagent:C:\Users\arjij\.gradle\wrapper\dists\gradle-8.14-all\c2qonpi39x1mddn7hk5gh9iqj\gradle-8.14\lib\agents\gradle-instrumentation-agent-8.14.jar org.gradle.launcher.daemon.bootstrap.GradleDaemon 8.14

Host: AMD Ryzen 7 6800HS with Radeon Graphics         , 16 cores, 15G,  Windows 11 , 64 bit Build 26100 (10.0.26100.8246)
Time: Wed Apr 29 11:47:53 2026 India Standard Time elapsed time: 2.917800 seconds (0d 0h 0m 2s)

---------------  T H R E A D  ---------------

Current thread (0x00000286d3c02e70):  JavaThread "C2 CompilerThread1" daemon [_thread_in_native, id=7780, stack(0x0000009ddf400000,0x0000009ddf500000) (1024K)]


Current CompileTask:
C2:2917 3156       4       java.lang.invoke.MethodType::makeImpl (109 bytes)

Stack: [0x0000009ddf400000,0x0000009ddf500000]
Native frames: (J=compiled Java code, j=interpreted, Vv=VM code, C=native code)
V  [jvm.dll+0x6e08a9]  (no source info available)
V  [jvm.dll+0x87da63]  (no source info available)
V  [jvm.dll+0x87feee]  (no source info available)
V  [jvm.dll+0x8805c3]  (no source info available)
V  [jvm.dll+0x27aee6]  (no source info available)
V  [jvm.dll+0xbc06f]  (no source info available)
V  [jvm.dll+0xbc2cb]  (no source info available)
V  [jvm.dll+0x3b3a9c]  (no source info available)
V  [jvm.dll+0x38a42b]  (no source info available)
V  [jvm.dll+0x38989a]  (no source info available)
V  [jvm.dll+0x244aa1]  (no source info available)
V  [jvm.dll+0x243dff]  (no source info available)
V  [jvm.dll+0x1c33a0]  (no source info available)
V  [jvm.dll+0x253cf1]  (no source info available)
V  [jvm.dll+0x251faa]  (no source info available)
V  [jvm.dll+0x3ee036]  (no source info available)
V  [jvm.dll+0x824f1b]  (no source info available)
V  [jvm.dll+0x6df055]  (no source info available)
C  [ucrtbase.dll+0x37b0]  (no source info available)
C  [KERNEL32.DLL+0x2e8d7]  (no source info available)
C  [ntdll.dll+0x8c3fc]  (no source info available)

Lock stack of current Java thread (top to bottom):


---------------  P R O C E S S  ---------------

Threads class SMR info:
_java_thread_list=0x000002871cad3b50, length=29, elements={
0x000002869b5718b0, 0x00000286d3bd8800, 0x00000286d3bd9020, 0x00000286d3bdf230,
0x00000286d3bdf8c0, 0x00000286d3be0c70, 0x00000286d3bdff50, 0x00000286d3bfc7e0,
0x00000286d3c05080, 0x00000286d3c049b0, 0x00000286d3be05e0, 0x00000286d3c027a0,
0x00000286d3bdde80, 0x00000286d3c02e70, 0x00000286d3c03c10, 0x00000286d3bdd7f0,
0x000002871a9d6f70, 0x000002871a9d6250, 0x000002871a9d89b0, 0x000002871a9d9040,
0x000002871a9d7600, 0x000002871a9d7c90, 0x000002871a9d5bc0, 0x000002871a9d9d60,
0x000002871a9d96d0, 0x000002871a9d68e0, 0x000002871a9dcb50, 0x000002871a9da3f0,
0x00000286d3c05750
}

Java Threads: ( => current thread )
  0x000002869b5718b0 JavaThread "main"                              [_thread_blocked, id=27060, stack(0x0000009dde000000,0x0000009dde100000) (1024K)]
  0x00000286d3bd8800 JavaThread "Reference Handler"          daemon [_thread_blocked, id=26312, stack(0x0000009dde800000,0x0000009dde900000) (1024K)]
  0x00000286d3bd9020 JavaThread "Finalizer"                  daemon [_thread_blocked, id=28412, stack(0x0000009dde900000,0x0000009ddea00000) (1024K)]
  0x00000286d3bdf230 JavaThread "Signal Dispatcher"          daemon [_thread_blocked, id=18016, stack(0x0000009ddea00000,0x0000009ddeb00000) (1024K)]
  0x00000286d3bdf8c0 JavaThread "Attach Listener"            daemon [_thread_blocked, id=20372, stack(0x0000009ddeb00000,0x0000009ddec00000) (1024K)]
  0x00000286d3be0c70 JavaThread "Service Thread"             daemon [_thread_blocked, id=25752, stack(0x0000009ddec00000,0x0000009dded00000) (1024K)]
  0x00000286d3bdff50 JavaThread "Monitor Deflation Thread"   daemon [_thread_blocked, id=23280, stack(0x0000009dded00000,0x0000009ddee00000) (1024K)]
  0x00000286d3bfc7e0 JavaThread "C2 CompilerThread0"         daemon [_thread_in_native, id=19500, stack(0x0000009ddee00000,0x0000009ddef00000) (1024K)]
  0x00000286d3c05080 JavaThread "C1 CompilerThread0"         daemon [_thread_in_native, id=3568, stack(0x0000009ddef00000,0x0000009ddf000000) (1024K)]
  0x00000286d3c049b0 JavaThread "C1 CompilerThread1"         daemon [_thread_blocked, id=2912, stack(0x0000009ddf000000,0x0000009ddf100000) (1024K)]
  0x00000286d3be05e0 JavaThread "Common-Cleaner"             daemon [_thread_blocked, id=4768, stack(0x0000009ddf100000,0x0000009ddf200000) (1024K)]
  0x00000286d3c027a0 JavaThread "C1 CompilerThread2"         daemon [_thread_blocked, id=29636, stack(0x0000009ddf200000,0x0000009ddf300000) (1024K)]
  0x00000286d3bdde80 JavaThread "Notification Thread"        daemon [_thread_blocked, id=27964, stack(0x0000009ddf300000,0x0000009ddf400000) (1024K)]
=>0x00000286d3c02e70 JavaThread "C2 CompilerThread1"         daemon [_thread_in_native, id=7780, stack(0x0000009ddf400000,0x0000009ddf500000) (1024K)]
  0x00000286d3c03c10 JavaThread "C1 CompilerThread3"         daemon [_thread_blocked, id=26280, stack(0x0000009ddf900000,0x0000009ddfa00000) (1024K)]
  0x00000286d3bdd7f0 JavaThread "Daemon health stats"               [_thread_blocked, id=6196, stack(0x0000009ddfb00000,0x0000009ddfc00000) (1024K)]
  0x000002871a9d6f70 JavaThread "Incoming local TCP Connector on port 60658"        [_thread_in_native, id=26224, stack(0x0000009ddfc00000,0x0000009ddfd00000) (1024K)]
  0x000002871a9d6250 JavaThread "Daemon periodic checks"            [_thread_blocked, id=14392, stack(0x0000009ddfd00000,0x0000009ddfe00000) (1024K)]
  0x000002871a9d89b0 JavaThread "Daemon"                            [_thread_blocked, id=26140, stack(0x0000009ddfe00000,0x0000009ddff00000) (1024K)]
  0x000002871a9d9040 JavaThread "Handler for socket connection from /127.0.0.1:60658 to /127.0.0.1:60295"        [_thread_in_native, id=12748, stack(0x0000009ddff00000,0x0000009de0000000) (1024K)]
  0x000002871a9d7600 JavaThread "Cancel handler"                    [_thread_blocked, id=14408, stack(0x0000009de0000000,0x0000009de0100000) (1024K)]
  0x000002871a9d7c90 JavaThread "Daemon worker"                     [_thread_in_Java, id=14916, stack(0x0000009de0100000,0x0000009de0200000) (1024K)]
  0x000002871a9d5bc0 JavaThread "Asynchronous log dispatcher for DefaultDaemonConnection: socket connection from /127.0.0.1:60658 to /127.0.0.1:60295"        [_thread_blocked, id=2012, stack(0x0000009de0200000,0x0000009de0300000) (1024K)]
  0x000002871a9d9d60 JavaThread "Stdin handler"                     [_thread_blocked, id=26860, stack(0x0000009de0300000,0x0000009de0400000) (1024K)]
  0x000002871a9d96d0 JavaThread "Daemon client event forwarder"        [_thread_blocked, id=26820, stack(0x0000009de0400000,0x0000009de0500000) (1024K)]
  0x000002871a9d68e0 JavaThread "Cache worker for journal cache (C:\Users\arjij\.gradle\caches\journal-1)"        [_thread_blocked, id=26888, stack(0x0000009de0c00000,0x0000009de0d00000) (1024K)]
  0x000002871a9dcb50 JavaThread "File lock request listener"        [_thread_in_native, id=26896, stack(0x0000009de0d00000,0x0000009de0e00000) (1024K)]
  0x000002871a9da3f0 JavaThread "Cache worker for file hash cache (C:\Users\arjij\.gradle\caches\8.14\fileHashes)"        [_thread_blocked, id=30832, stack(0x0000009de0e00000,0x0000009de0f00000) (1024K)]
  0x00000286d3c05750 JavaThread "C2 CompilerThread2"         daemon [_thread_in_native, id=29368, stack(0x0000009de0f00000,0x0000009de1000000) (1024K)]
Total: 29

Other Threads:
  0x00000286d0ddcb60 VMThread "VM Thread"                           [id=30068, stack(0x0000009dde700000,0x0000009dde800000) (1024K)]
  0x00000286d0dcdbd0 WatcherThread "VM Periodic Task Thread"        [id=4676, stack(0x0000009dde600000,0x0000009dde700000) (1024K)]
  0x00000286d0c21920 WorkerThread "GC Thread#0"                     [id=28220, stack(0x0000009dde100000,0x0000009dde200000) (1024K)]
  0x000002871953f3e0 WorkerThread "GC Thread#1"                     [id=24424, stack(0x0000009ddf500000,0x0000009ddf600000) (1024K)]
  0x000002871953f790 WorkerThread "GC Thread#2"                     [id=7752, stack(0x0000009ddf600000,0x0000009ddf700000) (1024K)]
  0x00000287193a9080 WorkerThread "GC Thread#3"                     [id=28756, stack(0x0000009ddf700000,0x0000009ddf800000) (1024K)]
  0x00000287190ca830 WorkerThread "GC Thread#4"                     [id=7656, stack(0x0000009ddf800000,0x0000009ddf900000) (1024K)]
  0x0000028719ca18a0 WorkerThread "GC Thread#5"                     [id=6976, stack(0x0000009ddfa00000,0x0000009ddfb00000) (1024K)]
  0x0000028719ca0d90 WorkerThread "GC Thread#6"                     [id=4764, stack(0x0000009de0500000,0x0000009de0600000) (1024K)]
  0x000002871b229590 WorkerThread "GC Thread#7"                     [id=16916, stack(0x0000009de0600000,0x0000009de0700000) (1024K)]
  0x000002871b227810 WorkerThread "GC Thread#8"                     [id=3788, stack(0x0000009de0700000,0x0000009de0800000) (1024K)]
  0x000002871b227f70 WorkerThread "GC Thread#9"                     [id=13060, stack(0x0000009de0800000,0x0000009de0900000) (1024K)]
  0x000002871b226950 WorkerThread "GC Thread#10"                    [id=27228, stack(0x0000009de0900000,0x0000009de0a00000) (1024K)]
  0x000002871b2291e0 WorkerThread "GC Thread#11"                    [id=21788, stack(0x0000009de0a00000,0x0000009de0b00000) (1024K)]
  0x000002871b226d00 WorkerThread "GC Thread#12"                    [id=18380, stack(0x0000009de0b00000,0x0000009de0c00000) (1024K)]
  0x000002869d98d210 ConcurrentGCThread "G1 Main Marker"            [id=23504, stack(0x0000009dde200000,0x0000009dde300000) (1024K)]
  0x000002869d98fac0 WorkerThread "G1 Conc#0"                       [id=23424, stack(0x0000009dde300000,0x0000009dde400000) (1024K)]
  0x00000286d0c9f500 ConcurrentGCThread "G1 Refine#0"               [id=18152, stack(0x0000009dde400000,0x0000009dde500000) (1024K)]
  0x00000286d0ca1950 ConcurrentGCThread "G1 Service"                [id=26360, stack(0x0000009dde500000,0x0000009dde600000) (1024K)]
Total: 19

Threads with active compile tasks:
C2 CompilerThread0  3002 3150   !   4       java.lang.ClassLoader::loadClass (121 bytes)
C2 CompilerThread1  3002 3156       4       java.lang.invoke.MethodType::makeImpl (109 bytes)
C2 CompilerThread2  3002 3266       4       jdk.internal.org.objectweb.asm.SymbolTable::addConstantUtf8Reference (101 bytes)
Total: 3

VM state: not at safepoint (normal execution)

VM Mutex/Monitor currently owned by a thread: None

Heap address: 0x0000000600000000, size: 8192 MB, Compressed Oops mode: Zero based, Oop shift amount: 3

CDS archive(s) mapped at: [0x00000286d4000000-0x00000286d4d70000-0x00000286d4d70000), size 14090240, SharedBaseAddress: 0x00000286d4000000, ArchiveRelocationMode: 1.
Compressed class space mapped at: 0x00000286d5000000-0x0000028715000000, reserved size: 1073741824
Narrow klass base: 0x00000286d4000000, Narrow klass shift: 0, Narrow klass range: 0x41000000

GC Precious Log:
 CardTable entry size: 512
 Card Set container configuration: InlinePtr #cards 4 size 8 Array Of Cards #cards 32 size 80 Howl #buckets 8 coarsen threshold 7372 Howl Bitmap #cards 1024 size 144 coarsen threshold 921 Card regions per heap region 1 cards per card region 8192
 CPUs: 16 total, 16 available
 Memory: 15628M
 Large Page Support: Disabled
 NUMA Support: Disabled
 Compressed Oops: Enabled (Zero based)
 Heap Region Size: 4M
 Heap Min Capacity: 8M
 Heap Initial Capacity: 248M
 Heap Max Capacity: 8G
 Pre-touch: Disabled
 Parallel Workers: 13
 Concurrent Workers: 3
 Concurrent Refinement Workers: 13
 Periodic GC: Disabled

Heap:
 garbage-first heap   total reserved 8388608K, committed 253952K, used 33458K [0x0000000600000000, 0x0000000800000000)
  region size 4096K, 7 young (28672K), 3 survivors (12288K)
 Metaspace       used 17210K, committed 17792K, reserved 1114112K
  class space    used 2432K, committed 2688K, reserved 1048576K

Heap Regions: E=young(eden), S=young(survivor), O=old, HS=humongous(starts), HC=humongous(continues), CS=collection set, F=free, TAMS=top-at-mark-start, PB=parsable bottom
|   0|0x0000000600000000, 0x0000000600400000, 0x0000000600400000|100%|HS|  |TAMS 0x0000000600000000| PB 0x0000000600000000| Complete |  0
|   1|0x0000000600400000, 0x0000000600800000, 0x0000000600800000|100%| O|  |TAMS 0x0000000600400000| PB 0x0000000600400000| Untracked |  0
|   2|0x0000000600800000, 0x00000006008acbc8, 0x0000000600c00000| 16%| O|  |TAMS 0x0000000600800000| PB 0x0000000600800000| Untracked |  0
|   3|0x0000000600c00000, 0x0000000600c00000, 0x0000000601000000|  0%| F|  |TAMS 0x0000000600c00000| PB 0x0000000600c00000| Untracked |  0
|   4|0x0000000601000000, 0x0000000601000000, 0x0000000601400000|  0%| F|  |TAMS 0x0000000601000000| PB 0x0000000601000000| Untracked |  0
|   5|0x0000000601400000, 0x0000000601400000, 0x0000000601800000|  0%| F|  |TAMS 0x0000000601400000| PB 0x0000000601400000| Untracked |  0
|   6|0x0000000601800000, 0x0000000601800000, 0x0000000601c00000|  0%| F|  |TAMS 0x0000000601800000| PB 0x0000000601800000| Untracked |  0
|   7|0x0000000601c00000, 0x0000000601c00000, 0x0000000602000000|  0%| F|  |TAMS 0x0000000601c00000| PB 0x0000000601c00000| Untracked |  0
|   8|0x0000000602000000, 0x0000000602000000, 0x0000000602400000|  0%| F|  |TAMS 0x0000000602000000| PB 0x0000000602000000| Untracked |  0
|   9|0x0000000602400000, 0x0000000602400000, 0x0000000602800000|  0%| F|  |TAMS 0x0000000602400000| PB 0x0000000602400000| Untracked |  0
|  10|0x0000000602800000, 0x0000000602800000, 0x0000000602c00000|  0%| F|  |TAMS 0x0000000602800000| PB 0x0000000602800000| Untracked |  0
|  11|0x0000000602c00000, 0x0000000602c00000, 0x0000000603000000|  0%| F|  |TAMS 0x0000000602c00000| PB 0x0000000602c00000| Untracked |  0
|  12|0x0000000603000000, 0x0000000603000000, 0x0000000603400000|  0%| F|  |TAMS 0x0000000603000000| PB 0x0000000603000000| Untracked |  0
|  13|0x0000000603400000, 0x0000000603400000, 0x0000000603800000|  0%| F|  |TAMS 0x0000000603400000| PB 0x0000000603400000| Untracked |  0
|  14|0x0000000603800000, 0x0000000603800000, 0x0000000603c00000|  0%| F|  |TAMS 0x0000000603800000| PB 0x0000000603800000| Untracked |  0
|  15|0x0000000603c00000, 0x0000000603c00000, 0x0000000604000000|  0%| F|  |TAMS 0x0000000603c00000| PB 0x0000000603c00000| Untracked |  0
|  16|0x0000000604000000, 0x0000000604000000, 0x0000000604400000|  0%| F|  |TAMS 0x0000000604000000| PB 0x0000000604000000| Untracked |  0
|  17|0x0000000604400000, 0x0000000604400000, 0x0000000604800000|  0%| F|  |TAMS 0x0000000604400000| PB 0x0000000604400000| Untracked |  0
|  18|0x0000000604800000, 0x0000000604800000, 0x0000000604c00000|  0%| F|  |TAMS 0x0000000604800000| PB 0x0000000604800000| Untracked |  0
|  19|0x0000000604c00000, 0x0000000604c00000, 0x0000000605000000|  0%| F|  |TAMS 0x0000000604c00000| PB 0x0000000604c00000| Untracked |  0
|  20|0x0000000605000000, 0x0000000605000000, 0x0000000605400000|  0%| F|  |TAMS 0x0000000605000000| PB 0x0000000605000000| Untracked |  0
|  21|0x0000000605400000, 0x0000000605400000, 0x0000000605800000|  0%| F|  |TAMS 0x0000000605400000| PB 0x0000000605400000| Untracked |  0
|  22|0x0000000605800000, 0x0000000605800000, 0x0000000605c00000|  0%| F|  |TAMS 0x0000000605800000| PB 0x0000000605800000| Untracked |  0
|  23|0x0000000605c00000, 0x0000000605c00000, 0x0000000606000000|  0%| F|  |TAMS 0x0000000605c00000| PB 0x0000000605c00000| Untracked |  0
|  24|0x0000000606000000, 0x0000000606000000, 0x0000000606400000|  0%| F|  |TAMS 0x0000000606000000| PB 0x0000000606000000| Untracked |  0
|  25|0x0000000606400000, 0x0000000606400000, 0x0000000606800000|  0%| F|  |TAMS 0x0000000606400000| PB 0x0000000606400000| Untracked |  0
|  26|0x0000000606800000, 0x0000000606800000, 0x0000000606c00000|  0%| F|  |TAMS 0x0000000606800000| PB 0x0000000606800000| Untracked |  0
|  27|0x0000000606c00000, 0x0000000606c00000, 0x0000000607000000|  0%| F|  |TAMS 0x0000000606c00000| PB 0x0000000606c00000| Untracked |  0
|  28|0x0000000607000000, 0x0000000607000000, 0x0000000607400000|  0%| F|  |TAMS 0x0000000607000000| PB 0x0000000607000000| Untracked |  0
|  29|0x0000000607400000, 0x0000000607400000, 0x0000000607800000|  0%| F|  |TAMS 0x0000000607400000| PB 0x0000000607400000| Untracked |  0
|  30|0x0000000607800000, 0x0000000607800000, 0x0000000607c00000|  0%| F|  |TAMS 0x0000000607800000| PB 0x0000000607800000| Untracked |  0
|  31|0x0000000607c00000, 0x0000000607c00000, 0x0000000608000000|  0%| F|  |TAMS 0x0000000607c00000| PB 0x0000000607c00000| Untracked |  0
|  32|0x0000000608000000, 0x0000000608000000, 0x0000000608400000|  0%| F|  |TAMS 0x0000000608000000| PB 0x0000000608000000| Untracked |  0
|  33|0x0000000608400000, 0x0000000608400000, 0x0000000608800000|  0%| F|  |TAMS 0x0000000608400000| PB 0x0000000608400000| Untracked |  0
|  34|0x0000000608800000, 0x0000000608800000, 0x0000000608c00000|  0%| F|  |TAMS 0x0000000608800000| PB 0x0000000608800000| Untracked |  0
|  35|0x0000000608c00000, 0x0000000608c00000, 0x0000000609000000|  0%| F|  |TAMS 0x0000000608c00000| PB 0x0000000608c00000| Untracked |  0
|  36|0x0000000609000000, 0x0000000609000000, 0x0000000609400000|  0%| F|  |TAMS 0x0000000609000000| PB 0x0000000609000000| Untracked |  0
|  37|0x0000000609400000, 0x0000000609400000, 0x0000000609800000|  0%| F|  |TAMS 0x0000000609400000| PB 0x0000000609400000| Untracked |  0
|  38|0x0000000609800000, 0x0000000609800000, 0x0000000609c00000|  0%| F|  |TAMS 0x0000000609800000| PB 0x0000000609800000| Untracked |  0
|  39|0x0000000609c00000, 0x0000000609c00000, 0x000000060a000000|  0%| F|  |TAMS 0x0000000609c00000| PB 0x0000000609c00000| Untracked |  0
|  40|0x000000060a000000, 0x000000060a000000, 0x000000060a400000|  0%| F|  |TAMS 0x000000060a000000| PB 0x000000060a000000| Untracked |  0
|  41|0x000000060a400000, 0x000000060a400000, 0x000000060a800000|  0%| F|  |TAMS 0x000000060a400000| PB 0x000000060a400000| Untracked |  0
|  42|0x000000060a800000, 0x000000060ac00000, 0x000000060ac00000|100%| S|CS|TAMS 0x000000060a800000| PB 0x000000060a800000| Complete |  0
|  43|0x000000060ac00000, 0x000000060b000000, 0x000000060b000000|100%| S|CS|TAMS 0x000000060ac00000| PB 0x000000060ac00000| Complete |  0
|  44|0x000000060b000000, 0x000000060b400000, 0x000000060b400000|100%| S|CS|TAMS 0x000000060b000000| PB 0x000000060b000000| Complete |  0
|  45|0x000000060b400000, 0x000000060b400000, 0x000000060b800000|  0%| F|  |TAMS 0x000000060b400000| PB 0x000000060b400000| Untracked |  0
|  46|0x000000060b800000, 0x000000060b800000, 0x000000060bc00000|  0%| F|  |TAMS 0x000000060b800000| PB 0x000000060b800000| Untracked |  0
|  47|0x000000060bc00000, 0x000000060bc00000, 0x000000060c000000|  0%| F|  |TAMS 0x000000060bc00000| PB 0x000000060bc00000| Untracked |  0
|  48|0x000000060c000000, 0x000000060c000000, 0x000000060c400000|  0%| F|  |TAMS 0x000000060c000000| PB 0x000000060c000000| Untracked |  0
|  49|0x000000060c400000, 0x000000060c400000, 0x000000060c800000|  0%| F|  |TAMS 0x000000060c400000| PB 0x000000060c400000| Untracked |  0
|  50|0x000000060c800000, 0x000000060c800000, 0x000000060cc00000|  0%| F|  |TAMS 0x000000060c800000| PB 0x000000060c800000| Untracked |  0
|  51|0x000000060cc00000, 0x000000060cc00000, 0x000000060d000000|  0%| F|  |TAMS 0x000000060cc00000| PB 0x000000060cc00000| Untracked |  0
|  52|0x000000060d000000, 0x000000060d000000, 0x000000060d400000|  0%| F|  |TAMS 0x000000060d000000| PB 0x000000060d000000| Untracked |  0
|  53|0x000000060d400000, 0x000000060d400000, 0x000000060d800000|  0%| F|  |TAMS 0x000000060d400000| PB 0x000000060d400000| Untracked |  0
|  54|0x000000060d800000, 0x000000060d800000, 0x000000060dc00000|  0%| F|  |TAMS 0x000000060d800000| PB 0x000000060d800000| Untracked |  0
|  55|0x000000060dc00000, 0x000000060dc00000, 0x000000060e000000|  0%| F|  |TAMS 0x000000060dc00000| PB 0x000000060dc00000| Untracked |  0
|  56|0x000000060e000000, 0x000000060e000000, 0x000000060e400000|  0%| F|  |TAMS 0x000000060e000000| PB 0x000000060e000000| Untracked |  0
|  57|0x000000060e400000, 0x000000060e400000, 0x000000060e800000|  0%| F|  |TAMS 0x000000060e400000| PB 0x000000060e400000| Untracked |  0
|  58|0x000000060e800000, 0x000000060ec00000, 0x000000060ec00000|100%| E|  |TAMS 0x000000060e800000| PB 0x000000060e800000| Complete |  0
|  59|0x000000060ec00000, 0x000000060f000000, 0x000000060f000000|100%| E|CS|TAMS 0x000000060ec00000| PB 0x000000060ec00000| Complete |  0
|  60|0x000000060f000000, 0x000000060f400000, 0x000000060f400000|100%| E|CS|TAMS 0x000000060f000000| PB 0x000000060f000000| Complete |  0
|  61|0x000000060f400000, 0x000000060f800000, 0x000000060f800000|100%| E|CS|TAMS 0x000000060f400000| PB 0x000000060f400000| Complete |  0

Card table byte_map: [0x00000286c7be0000,0x00000286c8be0000] _byte_map_base: 0x00000286c4be0000

Marking Bits: (CMBitMap*) 0x000002869d9788d0
 Bits: [0x00000286c8be0000, 0x00000286d0be0000)

Polling page: 0x000002869b8e0000

Metaspace:

Usage:
  Non-class:     14.46 MB used.
      Class:      2.38 MB used.
       Both:     16.83 MB used.

Virtual space:
  Non-class space:       64.00 MB reserved,      14.75 MB ( 23%) committed,  1 nodes.
      Class space:        1.00 GB reserved,       2.62 MB ( <1%) committed,  1 nodes.
             Both:        1.06 GB reserved,      17.38 MB (  2%) committed. 

Chunk freelists:
   Non-Class:  1.15 MB
       Class:  13.35 MB
        Both:  14.51 MB

MaxMetaspaceSize: 4.00 GB
CompressedClassSpaceSize: 1.00 GB
Initial GC threshold: 21.00 MB
Current GC threshold: 21.00 MB
CDS: on
 - commit_granule_bytes: 65536.
 - commit_granule_words: 8192.
 - virtual_space_node_default_size: 8388608.
 - enlarge_chunks_in_place: 1.
 - use_allocation_guard: 0.


Internal statistics:

num_allocs_failed_limit: 0.
num_arena_births: 666.
num_arena_deaths: 0.
num_vsnodes_births: 2.
num_vsnodes_deaths: 0.
num_space_committed: 278.
num_space_uncommitted: 0.
num_chunks_returned_to_freelist: 0.
num_chunks_taken_from_freelist: 1230.
num_chunk_merges: 0.
num_chunk_splits: 812.
num_chunks_enlarged: 566.
num_inconsistent_stats: 0.

CodeHeap 'non-profiled nmethods': size=258496Kb used=1161Kb max_used=1161Kb free=257335Kb
 bounds [0x00000286b63c0000, 0x00000286b6630000, 0x00000286c6030000]
CodeHeap 'profiled nmethods': size=258368Kb used=5058Kb max_used=5058Kb free=253309Kb
 bounds [0x00000286a6030000, 0x00000286a6530000, 0x00000286b5c80000]
CodeHeap 'non-nmethods': size=7424Kb used=3183Kb max_used=3196Kb free=4240Kb
 bounds [0x00000286b5c80000, 0x00000286b5fb0000, 0x00000286b63c0000]
CodeCache: size=524288Kb, used=9402Kb, max_used=9415Kb, free=514884Kb
 total_blobs=3873, nmethods=3289, adapters=485, full_count=0
Compilation: enabled, stopped_count=0, restarted_count=0

Compilation events (20 events):
Event: 2.751 Thread 0x00000286d3c03c10 3219       3       java.util.jar.JarFile$JarFileEntry::getRealName (5 bytes)
Event: 2.751 Thread 0x00000286d3c03c10 nmethod 3219 0x00000286a6507c08 code [0x00000286a6507d20, 0x00000286a6507e48]
Event: 2.755 Thread 0x00000286d3c049b0 3220       3       java.lang.invoke.MemberName::getFactory (4 bytes)
Event: 2.755 Thread 0x00000286d3c049b0 nmethod 3220 0x00000286a6507f08 code [0x00000286a6508020, 0x00000286a6508118]
Event: 2.761 Thread 0x00000286d3c049b0 3221       1       java.util.concurrent.atomic.AtomicInteger::get (5 bytes)
Event: 2.761 Thread 0x00000286d3c049b0 nmethod 3221 0x00000286b64db688 code [0x00000286b64db7a0, 0x00000286b64db868]
Event: 2.767 Thread 0x00000286d3c049b0 3222       3       java.lang.Package$VersionInfo::<init> (44 bytes)
Event: 2.768 Thread 0x00000286d3c049b0 nmethod 3222 0x00000286a6508208 code [0x00000286a6508340, 0x00000286a6508770]
Event: 2.776 Thread 0x00000286d3c049b0 3224       3       java.lang.invoke.ClassSpecializer$SpeciesData::fieldCount (10 bytes)
Event: 2.776 Thread 0x00000286d3c05080 3225       3       jdk.internal.org.objectweb.asm.SymbolTable::addConstant (330 bytes)
Event: 2.776 Thread 0x00000286d3c049b0 nmethod 3224 0x00000286a6508808 code [0x00000286a6508920, 0x00000286a6508b00]
Event: 2.776 Thread 0x00000286d3c027a0 3226       3       java.lang.invoke.ClassSpecializer$SpeciesData::transformHelper (56 bytes)
Event: 2.776 Thread 0x00000286d3c03c10 3227       3       java.lang.invoke.InvokerBytecodeGenerator::loadMethod (39 bytes)
Event: 2.776 Thread 0x00000286d3c027a0 nmethod 3226 0x00000286a6508b88 code [0x00000286a6508d40, 0x00000286a6509508]
Event: 2.776 Thread 0x00000286d3c027a0 3228       3       java.lang.invoke.InvokerBytecodeGenerator::<init> (12 bytes)
Event: 2.776 Thread 0x00000286d3c049b0 3229       3       java.lang.invoke.InvokerBytecodeGenerator::generateCustomizedCodeBytes (37 bytes)
Event: 2.776 Thread 0x00000286d3c027a0 nmethod 3228 0x00000286a6509588 code [0x00000286a65096c0, 0x00000286a6509878]
Event: 2.777 Thread 0x00000286d3c03c10 nmethod 3227 0x00000286a6509908 code [0x00000286a6509a80, 0x00000286a6509d80]
Event: 2.777 Thread 0x00000286d3c049b0 nmethod 3229 0x00000286a6509e08 code [0x00000286a6509f80, 0x00000286a650a300]
Event: 2.777 Thread 0x00000286d3c05080 nmethod 3225 0x00000286a650a388 code [0x00000286a650a800, 0x00000286a650d550]

GC Heap History (8 events):
Event: 0.296 GC heap before
{Heap before GC invocations=0 (full 0):
 garbage-first heap   total reserved 8388608K, committed 253952K, used 24576K [0x0000000600000000, 0x0000000800000000)
  region size 4096K, 6 young (24576K), 0 survivors (0K)
 Metaspace       used 1065K, committed 1216K, reserved 1114112K
  class space    used 78K, committed 128K, reserved 1048576K
}
Event: 0.300 GC heap after
{Heap after GC invocations=1 (full 0):
 garbage-first heap   total reserved 8388608K, committed 253952K, used 2035K [0x0000000600000000, 0x0000000800000000)
  region size 4096K, 1 young (4096K), 1 survivors (4096K)
 Metaspace       used 1065K, committed 1216K, reserved 1114112K
  class space    used 78K, committed 128K, reserved 1048576K
}
Event: 0.800 GC heap before
{Heap before GC invocations=1 (full 0):
 garbage-first heap   total reserved 8388608K, committed 253952K, used 30707K [0x0000000600000000, 0x0000000800000000)
  region size 4096K, 7 young (28672K), 1 survivors (4096K)
 Metaspace       used 4688K, committed 4928K, reserved 1114112K
  class space    used 599K, committed 704K, reserved 1048576K
}
Event: 0.804 GC heap after
{Heap after GC invocations=2 (full 0):
 garbage-first heap   total reserved 8388608K, committed 253952K, used 11560K [0x0000000600000000, 0x0000000800000000)
  region size 4096K, 1 young (4096K), 1 survivors (4096K)
 Metaspace       used 4688K, committed 4928K, reserved 1114112K
  class space    used 599K, committed 704K, reserved 1048576K
}
Event: 1.140 GC heap before
{Heap before GC invocations=2 (full 0):
 garbage-first heap   total reserved 8388608K, committed 253952K, used 56616K [0x0000000600000000, 0x0000000800000000)
  region size 4096K, 12 young (49152K), 1 survivors (4096K)
 Metaspace       used 4773K, committed 4992K, reserved 1114112K
  class space    used 600K, committed 704K, reserved 1048576K
}
Event: 1.144 GC heap after
{Heap after GC invocations=3 (full 0):
 garbage-first heap   total reserved 8388608K, committed 253952K, used 14636K [0x0000000600000000, 0x0000000800000000)
  region size 4096K, 2 young (8192K), 2 survivors (8192K)
 Metaspace       used 4773K, committed 4992K, reserved 1114112K
  class space    used 600K, committed 704K, reserved 1048576K
}
Event: 2.533 GC heap before
{Heap before GC invocations=3 (full 0):
 garbage-first heap   total reserved 8388608K, committed 253952K, used 76076K [0x0000000600000000, 0x0000000800000000)
  region size 4096K, 17 young (69632K), 2 survivors (8192K)
 Metaspace       used 14915K, committed 15424K, reserved 1114112K
  class space    used 2073K, committed 2304K, reserved 1048576K
}
Event: 2.539 GC heap after
{Heap after GC invocations=4 (full 0):
 garbage-first heap   total reserved 8388608K, committed 253952K, used 21170K [0x0000000600000000, 0x0000000800000000)
  region size 4096K, 3 young (12288K), 3 survivors (12288K)
 Metaspace       used 14915K, committed 15424K, reserved 1114112K
  class space    used 2073K, committed 2304K, reserved 1048576K
}

Dll operation events (15 events):
Event: 0.014 Loaded shared library C:\Program Files\Java\jdk-23\bin\java.dll
Event: 0.034 Loaded shared library C:\Program Files\Java\jdk-23\bin\jsvml.dll
Event: 0.062 Loaded shared library C:\Program Files\Java\jdk-23\bin\zip.dll
Event: 0.065 Loaded shared library C:\Program Files\Java\jdk-23\bin\instrument.dll
Event: 0.068 Loaded shared library C:\Program Files\Java\jdk-23\bin\net.dll
Event: 0.069 Loaded shared library C:\Program Files\Java\jdk-23\bin\nio.dll
Event: 0.071 Loaded shared library C:\Program Files\Java\jdk-23\bin\zip.dll
Event: 0.267 Loaded shared library C:\Program Files\Java\jdk-23\bin\jimage.dll
Event: 0.364 Loaded shared library C:\Program Files\Java\jdk-23\bin\verify.dll
Event: 0.454 Loaded shared library C:\Users\arjij\.gradle\native\1def1411415f61bf3af743bc5b6707747c0891f09f0c88961ee8f79bc544acac\windows-amd64\native-platform.dll
Event: 0.545 Loaded shared library C:\Users\arjij\.gradle\native\0.2.7\x86_64-windows-gnu\gradle-fileevents.dll
Event: 1.496 Loaded shared library C:\Program Files\Java\jdk-23\bin\management.dll
Event: 1.505 Loaded shared library C:\Program Files\Java\jdk-23\bin\management_ext.dll
Event: 1.693 Loaded shared library C:\Program Files\Java\jdk-23\bin\extnet.dll
Event: 2.074 Loaded shared library C:\Program Files\Java\jdk-23\bin\sunmscapi.dll

Deoptimization events (20 events):
Event: 2.371 Thread 0x000002871a9d7c90 Uncommon trap: trap_request=0xffffff45 fr.pc=0x00000286b6442d40 relative=0x0000000000000280
Event: 2.371 Thread 0x000002871a9d7c90 Uncommon trap: reason=unstable_if action=reinterpret pc=0x00000286b6442d40 method=java.util.concurrent.ConcurrentHashMap.get(Ljava/lang/Object;)Ljava/lang/Object; @ 76 c2
Event: 2.371 Thread 0x000002871a9d7c90 DEOPT PACKING pc=0x00000286b6442d40 sp=0x0000009de01fbbb0
Event: 2.371 Thread 0x000002871a9d7c90 DEOPT UNPACKING pc=0x00000286b5cd4402 sp=0x0000009de01fbb18 mode 2
Event: 2.540 Thread 0x00000286d3be05e0 Uncommon trap: trap_request=0xffffff45 fr.pc=0x00000286b649697c relative=0x000000000000017c
Event: 2.540 Thread 0x00000286d3be05e0 Uncommon trap: reason=unstable_if action=reinterpret pc=0x00000286b649697c method=java.util.concurrent.locks.ReentrantLock$NonfairSync.initialTryLock()Z @ 25 c2
Event: 2.540 Thread 0x00000286d3be05e0 DEOPT PACKING pc=0x00000286b649697c sp=0x0000009ddf1ff3a0
Event: 2.540 Thread 0x00000286d3be05e0 DEOPT UNPACKING pc=0x00000286b5cd4402 sp=0x0000009ddf1ff340 mode 2
Event: 2.680 Thread 0x000002871a9da3f0 Uncommon trap: trap_request=0xffffffc6 fr.pc=0x00000286b64d99ac relative=0x00000000000001ec
Event: 2.680 Thread 0x000002871a9da3f0 Uncommon trap: reason=bimorphic_or_optimized_type_check action=maybe_recompile pc=0x00000286b64d99ac method=java.util.concurrent.locks.AbstractQueuedSynchronizer.release(I)Z @ 2 c2
Event: 2.680 Thread 0x000002871a9da3f0 DEOPT PACKING pc=0x00000286b64d99ac sp=0x0000009de0efedc0
Event: 2.680 Thread 0x000002871a9da3f0 DEOPT UNPACKING pc=0x00000286b5cd4402 sp=0x0000009de0efed78 mode 2
Event: 2.734 Thread 0x000002871a9d7c90 Uncommon trap: trap_request=0xffffff45 fr.pc=0x00000286b63e2d54 relative=0x0000000000000b74
Event: 2.734 Thread 0x000002871a9d7c90 Uncommon trap: reason=unstable_if action=reinterpret pc=0x00000286b63e2d54 method=java.io.WinNTFileSystem.resolve(Ljava/lang/String;Ljava/lang/String;)Ljava/lang/String; @ 42 c2
Event: 2.734 Thread 0x000002871a9d7c90 DEOPT PACKING pc=0x00000286b63e2d54 sp=0x0000009de01fb700
Event: 2.734 Thread 0x000002871a9d7c90 DEOPT UNPACKING pc=0x00000286b5cd4402 sp=0x0000009de01fb698 mode 2
Event: 2.737 Thread 0x000002871a9d7c90 Uncommon trap: trap_request=0xffffff45 fr.pc=0x00000286b63fea58 relative=0x0000000000000598
Event: 2.737 Thread 0x000002871a9d7c90 Uncommon trap: reason=unstable_if action=reinterpret pc=0x00000286b63fea58 method=java.io.File.getName()Ljava/lang/String; @ 16 c2
Event: 2.737 Thread 0x000002871a9d7c90 DEOPT PACKING pc=0x00000286b63fea58 sp=0x0000009de01fb6e0
Event: 2.737 Thread 0x000002871a9d7c90 DEOPT UNPACKING pc=0x00000286b5cd4402 sp=0x0000009de01fb6b0 mode 2

Classes loaded (20 events):
Event: 2.590 Loading class java/util/concurrent/locks/ReentrantLock$FairSync
Event: 2.591 Loading class java/util/concurrent/locks/ReentrantLock$FairSync done
Event: 2.608 Loading class java/net/DatagramPacket
Event: 2.608 Loading class java/net/DatagramPacket done
Event: 2.609 Loading class sun/nio/ch/DatagramChannelImpl$DatagramPackets
Event: 2.609 Loading class sun/nio/ch/DatagramChannelImpl$DatagramPackets done
Event: 2.702 Loading class sun/security/provider/MD5
Event: 2.703 Loading class sun/security/provider/MD5 done
Event: 2.703 Loading class sun/security/provider/SHA5$SHA512
Event: 2.705 Loading class sun/security/provider/SHA5
Event: 2.707 Loading class sun/security/provider/SHA5 done
Event: 2.707 Loading class sun/security/provider/SHA5$SHA512 done
Event: 2.708 Loading class sun/security/provider/ByteArrayAccess$LE
Event: 2.708 Loading class sun/security/provider/ByteArrayAccess$LE done
Event: 2.735 Loading class java/io/File$TempDirectory
Event: 2.736 Loading class java/io/File$TempDirectory done
Event: 2.785 Loading class java/util/concurrent/Semaphore
Event: 2.785 Loading class java/util/concurrent/Semaphore done
Event: 2.786 Loading class java/nio/file/FileVisitOption
Event: 2.786 Loading class java/nio/file/FileVisitOption done

Classes unloaded (0 events):
No events

Classes redefined (0 events):
No events

Internal exceptions (20 events):
Event: 2.177 Thread 0x000002871a9d9040 Exception <a 'java/lang/NoSuchMethodError'{0x000000060d1da150}: static Lorg/gradle/internal/classloader/ClassLoaderSpec;.<clinit>()V> (0x000000060d1da150) 
thrown [s\open\src\hotspot\share\prims\jni.cpp, line 1111]
Event: 2.178 Thread 0x000002871a9d9040 Exception <a 'java/lang/NoSuchMethodError'{0x000000060d1e1050}: static Lorg/gradle/tooling/internal/provider/serialization/WellKnownClassLoaderRegistry$KnownClassLoaderSpec;.<clinit>()V> (0x000000060d1e1050) 
thrown [s\open\src\hotspot\share\prims\jni.cpp, line 1111]
Event: 2.179 Thread 0x000002871a9d9040 Exception <a 'java/lang/NoSuchMethodError'{0x000000060d1f1bb0}: static Lorg/gradle/tooling/internal/provider/serialization/ClientOwnedClassLoaderSpec;.<clinit>()V> (0x000000060d1f1bb0) 
thrown [s\open\src\hotspot\share\prims\jni.cpp, line 1111]
Event: 2.282 Thread 0x000002871a9d7c90 Exception <a 'java/lang/NoSuchMethodError'{0x000000060cf46a10}: 'long java.lang.invoke.DirectMethodHandle$Holder.invokeInterface(java.lang.Object, java.lang.Object)'> (0x000000060cf46a10) 
thrown [s\open\src\hotspot\share\interpreter\linkResolver.cpp, line 796]
Event: 2.334 Thread 0x000002871a9d7c90 Exception <a 'java/lang/NoSuchMethodError'{0x000000060cb79d80}: 'void java.lang.invoke.DirectMethodHandle$Holder.invokeStatic(java.lang.Object, java.lang.Object)'> (0x000000060cb79d80) 
thrown [s\open\src\hotspot\share\interpreter\linkResolver.cpp, line 796]
Event: 2.339 Thread 0x000002871a9d7c90 Exception <a 'java/lang/NoSuchMethodError'{0x000000060cbb3dd0}: 'java.lang.Object java.lang.invoke.DirectMethodHandle$Holder.invokeVirtual(java.lang.Object, java.lang.Object, java.lang.Object, java.lang.Object, java.lang.Object, java.lang.Object, java.lang.Object, java.lang.Object, java.lang.Object, java.lang.Object, java.lang.Object, java.lang.Object)'> (0x000000060cbb3dd0) 
thrown [s\open\src\hotspot\share\interpreter\linkResolver.cpp, line 796]
Event: 2.340 Thread 0x000002871a9d7c90 Exception <a 'java/lang/NoSuchMethodError'{0x000000060cbb8e00}: 'java.lang.Object java.lang.invoke.DirectMethodHandle$Holder.invokeSpecial(java.lang.Object, java.lang.Object, java.lang.Object, java.lang.Object, java.lang.Object, java.lang.Object, java.lang.Object, java.lang.Object, java.lang.Object, java.lang.Object, java.lang.Object, java.lang.Object, java.lang.Object)'> (0x000000060cbb8e00) 
thrown [s\open\src\hotspot\share\interpreter\linkResolver.cpp, line 796]
Event: 2.376 Thread 0x000002871a9d7c90 Exception <a 'java/lang/NoSuchMethodError'{0x000000060bdd3b90}: 'int java.lang.invoke.DirectMethodHandle$Holder.invokeVirtual(java.lang.Object, java.lang.Object, java.lang.Object)'> (0x000000060bdd3b90) 
thrown [s\open\src\hotspot\share\interpreter\linkResolver.cpp, line 796]
Event: 2.409 Thread 0x000002871a9d7c90 Exception <a 'java/lang/NoSuchMethodError'{0x000000060b842b08}: 'java.lang.Object java.lang.invoke.DirectMethodHandle$Holder.newInvokeSpecial(java.lang.Object, java.lang.Object, java.lang.Object, java.lang.Object, java.lang.Object, java.lang.Object)'> (0x000000060b842b08) 
thrown [s\open\src\hotspot\share\interpreter\linkResolver.cpp, line 796]
Event: 2.453 Thread 0x000002871a9d7c90 Exception <a 'java/lang/NoSuchMethodError'{0x000000060bb085b8}: 'void java.lang.invoke.DelegatingMethodHandle$Holder.reinvoke_L(java.lang.Object, java.lang.Object, java.lang.Object, java.lang.Object, java.lang.Object, java.lang.Object, java.lang.Object, java.lang.Object, java.lang.Object, java.lang.Object)'> (0x000000060bb085b8) 
thrown [s\open\src\hotspot\share\interpreter\linkResolver.cpp, line 796]
Event: 2.453 Thread 0x000002871a9d7c90 Exception <a 'java/lang/NoSuchMethodError'{0x000000060bb100a8}: 'java.lang.Object java.lang.invoke.Invokers$Holder.invoker(java.lang.Object, java.lang.Object, java.lang.Object, java.lang.Object, java.lang.Object, java.lang.Object, java.lang.Object, java.lang.Object, java.lang.Object, java.lang.Object)'> (0x000000060bb100a8) 
thrown [s\open\src\hotspot\share\interpreter\linkResolver.cpp, line 796]
Event: 2.574 Thread 0x000002871a9d7c90 Exception <a 'java/lang/NoSuchMethodError'{0x000000060f67f9c0}: 'void java.lang.invoke.DirectMethodHandle$Holder.invokeInterface(java.lang.Object, java.lang.Object)'> (0x000000060f67f9c0) 
thrown [s\open\src\hotspot\share\interpreter\linkResolver.cpp, line 796]
Event: 2.574 Thread 0x000002871a9d7c90 Exception <a 'java/lang/IncompatibleClassChangeError'{0x000000060f682f48}: Found class java.lang.Object, but interface was expected> (0x000000060f682f48) 
thrown [s\open\src\hotspot\share\interpreter\linkResolver.cpp, line 863]
Event: 2.593 Thread 0x000002871a9d7c90 Exception <a 'java/lang/NoSuchMethodError'{0x000000060f7fce08}: 'java.lang.Object java.lang.invoke.DirectMethodHandle$Holder.newInvokeSpecial(java.lang.Object, java.lang.Object, int)'> (0x000000060f7fce08) 
thrown [s\open\src\hotspot\share\interpreter\linkResolver.cpp, line 796]
Event: 2.717 Thread 0x000002871a9d7c90 Exception <a 'java/lang/NoSuchMethodError'{0x000000060f386d40}: 'java.lang.Object java.lang.invoke.DirectMethodHandle$Holder.invokeVirtual(java.lang.Object, java.lang.Object, java.lang.Object, java.lang.Object, java.lang.Object, java.lang.Object, java.lang.Object, java.lang.Object)'> (0x000000060f386d40) 
thrown [s\open\src\hotspot\share\interpreter\linkResolver.cpp, line 796]
Event: 2.727 Thread 0x000002871a9d7c90 Exception <a 'java/lang/NoSuchMethodError'{0x000000060ec2c1b0}: 'java.lang.Object java.lang.invoke.Invokers$Holder.invoker(java.lang.Object, java.lang.Object)'> (0x000000060ec2c1b0) 
thrown [s\open\src\hotspot\share\interpreter\linkResolver.cpp, line 796]
Event: 2.731 Thread 0x000002871a9d7c90 Exception <a 'java/lang/NoSuchMethodError'{0x000000060ec57e48}: 'java.lang.Object java.lang.invoke.DirectMethodHandle$Holder.invokeVirtual(java.lang.Object, java.lang.Object, java.lang.Object, java.lang.Object, java.lang.Object, java.lang.Object, java.lang.Object, java.lang.Object, java.lang.Object, java.lang.Object)'> (0x000000060ec57e48) 
thrown [s\open\src\hotspot\share\interpreter\linkResolver.cpp, line 796]
Event: 2.755 Thread 0x000002871a9d7c90 Exception <a 'java/lang/NoSuchMethodError'{0x000000060ecee3d8}: 'void java.lang.invoke.DirectMethodHandle$Holder.invokeStatic(java.lang.Object, java.lang.Object, java.lang.Object, java.lang.Object)'> (0x000000060ecee3d8) 
thrown [s\open\src\hotspot\share\interpreter\linkResolver.cpp, line 796]
Event: 2.755 Thread 0x000002871a9d7c90 Exception <a 'java/lang/NoSuchMethodError'{0x000000060ecf2198}: 'void java.lang.invoke.DirectMethodHandle$Holder.invokeStaticInit(java.lang.Object, java.lang.Object, java.lang.Object, java.lang.Object)'> (0x000000060ecf2198) 
thrown [s\open\src\hotspot\share\interpreter\linkResolver.cpp, line 796]
Event: 2.769 Thread 0x000002871a9d7c90 Exception <a 'java/lang/NoSuchMethodError'{0x000000060ed48bd0}: 'java.lang.Object java.lang.invoke.DirectMethodHandle$Holder.invokeInterface(java.lang.Object, java.lang.Object, java.lang.Object)'> (0x000000060ed48bd0) 
thrown [s\open\src\hotspot\share\interpreter\linkResolver.cpp, line 796]

VM Operations (20 events):
Event: 1.556 Executing VM operation: HandshakeAllThreads (Deoptimize)
Event: 1.556 Executing VM operation: HandshakeAllThreads (Deoptimize) done
Event: 1.560 Executing VM operation: HandshakeAllThreads (Deoptimize)
Event: 1.560 Executing VM operation: HandshakeAllThreads (Deoptimize) done
Event: 1.561 Executing VM operation: HandshakeAllThreads (Deoptimize)
Event: 1.561 Executing VM operation: HandshakeAllThreads (Deoptimize) done
Event: 1.598 Executing VM operation: HandshakeAllThreads (Deoptimize)
Event: 1.598 Executing VM operation: HandshakeAllThreads (Deoptimize) done
Event: 1.717 Executing VM operation: HandshakeAllThreads (Deoptimize)
Event: 1.717 Executing VM operation: HandshakeAllThreads (Deoptimize) done
Event: 1.761 Executing VM operation: HandshakeAllThreads (Deoptimize)
Event: 1.761 Executing VM operation: HandshakeAllThreads (Deoptimize) done
Event: 1.834 Executing VM operation: HandshakeAllThreads (Deoptimize)
Event: 1.834 Executing VM operation: HandshakeAllThreads (Deoptimize) done
Event: 2.033 Executing VM operation: HandshakeAllThreads (Deoptimize)
Event: 2.033 Executing VM operation: HandshakeAllThreads (Deoptimize) done
Event: 2.533 Executing VM operation: G1CollectForAllocation (G1 Evacuation Pause)
Event: 2.540 Executing VM operation: G1CollectForAllocation (G1 Evacuation Pause) done
Event: 2.591 Executing VM operation: HandshakeAllThreads (Deoptimize)
Event: 2.591 Executing VM operation: HandshakeAllThreads (Deoptimize) done

Memory protections (0 events):
No events

Nmethod flushes (0 events):
No events

Events (20 events):
Event: 0.032 Thread 0x000002869b5718b0 Thread added: 0x00000286d3c05080
Event: 0.037 Thread 0x00000286d3c05080 Thread added: 0x00000286d3c049b0
Event: 0.046 Thread 0x000002869b5718b0 Thread added: 0x00000286d3be05e0
Event: 0.053 Thread 0x00000286d3c05080 Thread added: 0x00000286d3c027a0
Event: 0.081 Thread 0x000002869b5718b0 Thread added: 0x00000286d3bdde80
Event: 0.262 Thread 0x00000286d3c049b0 Thread added: 0x00000286d3c02e70
Event: 0.611 Thread 0x00000286d3c05080 Thread added: 0x00000286d3c03c10
Event: 1.562 Thread 0x000002869b5718b0 Thread added: 0x00000286d3bdd7f0
Event: 1.854 Thread 0x000002869b5718b0 Thread added: 0x000002871a9d6f70
Event: 1.999 Thread 0x000002869b5718b0 Thread added: 0x000002871a9d6250
Event: 2.108 Thread 0x000002871a9d6f70 Thread added: 0x000002871a9d89b0
Event: 2.111 Thread 0x000002871a9d89b0 Thread added: 0x000002871a9d9040
Event: 2.197 Thread 0x000002871a9d89b0 Thread added: 0x000002871a9d7600
Event: 2.206 Thread 0x000002871a9d89b0 Thread added: 0x000002871a9d7c90
Event: 2.221 Thread 0x000002871a9d7c90 Thread added: 0x000002871a9d5bc0
Event: 2.226 Thread 0x000002871a9d7c90 Thread added: 0x000002871a9d9d60
Event: 2.228 Thread 0x000002871a9d7c90 Thread added: 0x000002871a9d96d0
Event: 2.591 Thread 0x000002871a9d7c90 Thread added: 0x000002871a9d68e0
Event: 2.608 Thread 0x000002871a9d7c90 Thread added: 0x000002871a9dcb50
Event: 2.678 Thread 0x000002871a9d7c90 Thread added: 0x000002871a9da3f0


Dynamic libraries:
0x00007ff64f1f0000 - 0x00007ff64f200000 	C:\Program Files\Java\jdk-23\bin\java.exe
0x00007ff952760000 - 0x00007ff9529c7000 	C:\WINDOWS\SYSTEM32\ntdll.dll
0x00007ff951730000 - 0x00007ff9517f9000 	C:\WINDOWS\System32\KERNEL32.DLL
0x00007ff94f880000 - 0x00007ff94fc74000 	C:\WINDOWS\System32\KERNELBASE.dll
0x00007ff94f1a0000 - 0x00007ff94f2eb000 	C:\WINDOWS\System32\ucrtbase.dll
0x00007ff922670000 - 0x00007ff922687000 	C:\Program Files\Java\jdk-23\bin\jli.dll
0x00007ff92c330000 - 0x00007ff92c34b000 	C:\Program Files\Java\jdk-23\bin\VCRUNTIME140.dll
0x00007ff950980000 - 0x00007ff950b45000 	C:\WINDOWS\System32\USER32.dll
0x00007ff94f030000 - 0x00007ff94f057000 	C:\WINDOWS\System32\win32u.dll
0x00007ff93eb20000 - 0x00007ff93edb3000 	C:\WINDOWS\WinSxS\amd64_microsoft.windows.common-controls_6595b64144ccf1df_6.0.26100.8115_none_3e075c82e3354f9c\COMCTL32.dll
0x00007ff950b60000 - 0x00007ff950b8b000 	C:\WINDOWS\System32\GDI32.dll
0x00007ff9524d0000 - 0x00007ff952579000 	C:\WINDOWS\System32\msvcrt.dll
0x00007ff94f750000 - 0x00007ff94f87b000 	C:\WINDOWS\System32\gdi32full.dll
0x00007ff94f530000 - 0x00007ff94f5d3000 	C:\WINDOWS\System32\msvcp_win.dll
0x00007ff951340000 - 0x00007ff951372000 	C:\WINDOWS\System32\IMM32.DLL
0x00007ff938750000 - 0x00007ff938842000 	D:\WindHawk\Engine\1.7.3\64\windhawk.dll
0x00007ff951a70000 - 0x00007ff951b26000 	C:\WINDOWS\System32\ADVAPI32.dll
0x00007ff951d10000 - 0x00007ff951db7000 	C:\WINDOWS\System32\sechost.dll
0x00007ff951610000 - 0x00007ff951728000 	C:\WINDOWS\System32\RPCRT4.dll
0x00007ff922660000 - 0x00007ff92266c000 	C:\Program Files\Java\jdk-23\bin\vcruntime140_1.dll
0x00007ff8e4000000 - 0x00007ff8e408e000 	C:\Program Files\Java\jdk-23\bin\msvcp140.dll
0x00007ff8e2950000 - 0x00007ff8e369f000 	C:\Program Files\Java\jdk-23\bin\server\jvm.dll
0x00007ff951380000 - 0x00007ff951400000 	C:\WINDOWS\System32\WS2_32.dll
0x00007ff94ee90000 - 0x00007ff94eeee000 	C:\WINDOWS\SYSTEM32\POWRPROF.dll
0x00007ff946240000 - 0x00007ff94624b000 	C:\WINDOWS\SYSTEM32\VERSION.dll
0x00007ff943c80000 - 0x00007ff943cb6000 	C:\WINDOWS\SYSTEM32\WINMM.dll
0x00007ff94ee70000 - 0x00007ff94ee84000 	C:\WINDOWS\SYSTEM32\UMPDC.dll
0x00007ff94ddc0000 - 0x00007ff94dddb000 	C:\WINDOWS\SYSTEM32\kernel.appcore.dll
0x00007ff922630000 - 0x00007ff92263a000 	C:\Program Files\Java\jdk-23\bin\jimage.dll
0x00007ff94cf80000 - 0x00007ff94d1c2000 	C:\WINDOWS\SYSTEM32\DBGHELP.DLL
0x00007ff951ef0000 - 0x00007ff952272000 	C:\WINDOWS\System32\combase.dll
0x00007ff951e10000 - 0x00007ff951ee8000 	C:\WINDOWS\System32\OLEAUT32.dll
0x00007ff91daa0000 - 0x00007ff91dadb000 	C:\WINDOWS\SYSTEM32\dbgcore.DLL
0x00007ff94f060000 - 0x00007ff94f105000 	C:\WINDOWS\System32\bcryptPrimitives.dll
0x00007ff94a450000 - 0x00007ff94a45f000 	C:\Program Files\Java\jdk-23\bin\instrument.dll
0x00007ff91a150000 - 0x00007ff91a16e000 	C:\Program Files\Java\jdk-23\bin\java.dll
0x00007ff952580000 - 0x00007ff952717000 	C:\WINDOWS\System32\ole32.dll
0x00007ff950b90000 - 0x00007ff9512f7000 	C:\WINDOWS\System32\SHELL32.dll
0x00007ff94f5e0000 - 0x00007ff94f74a000 	C:\WINDOWS\System32\wintypes.dll
0x00007ff94fc80000 - 0x00007ff9504e8000 	C:\WINDOWS\System32\windows.storage.dll
0x00007ff951970000 - 0x00007ff951a68000 	C:\WINDOWS\System32\SHCORE.dll
0x00007ff951800000 - 0x00007ff951866000 	C:\WINDOWS\System32\shlwapi.dll
0x00007ff94ef50000 - 0x00007ff94ef79000 	C:\WINDOWS\SYSTEM32\profapi.dll
0x00007ff8e3e60000 - 0x00007ff8e3f37000 	C:\Program Files\Java\jdk-23\bin\jsvml.dll
0x00007ff91a130000 - 0x00007ff91a147000 	C:\Program Files\Java\jdk-23\bin\zip.dll
0x00007ff91a120000 - 0x00007ff91a130000 	C:\Program Files\Java\jdk-23\bin\net.dll
0x00007ff94e330000 - 0x00007ff94e39c000 	C:\WINDOWS\system32\mswsock.dll
0x00007ff917760000 - 0x00007ff917776000 	C:\Program Files\Java\jdk-23\bin\nio.dll
0x00007ff918310000 - 0x00007ff918320000 	C:\Program Files\Java\jdk-23\bin\verify.dll
0x00007ff94bdd0000 - 0x00007ff94bdf7000 	C:\Users\arjij\.gradle\native\1def1411415f61bf3af743bc5b6707747c0891f09f0c88961ee8f79bc544acac\windows-amd64\native-platform.dll
0x00007ff8e3de0000 - 0x00007ff8e3e58000 	C:\Users\arjij\.gradle\native\0.2.7\x86_64-windows-gnu\gradle-fileevents.dll
0x00007ff8e5a70000 - 0x00007ff8e5a7a000 	C:\Program Files\Java\jdk-23\bin\management.dll
0x00007ff8e5a60000 - 0x00007ff8e5a6b000 	C:\Program Files\Java\jdk-23\bin\management_ext.dll
0x00007ff951600000 - 0x00007ff951608000 	C:\WINDOWS\System32\PSAPI.DLL
0x00007ff94d830000 - 0x00007ff94d862000 	C:\WINDOWS\SYSTEM32\IPHLPAPI.DLL
0x00007ff951300000 - 0x00007ff95130a000 	C:\WINDOWS\System32\NSI.dll
0x00007ff8e5a50000 - 0x00007ff8e5a59000 	C:\Program Files\Java\jdk-23\bin\extnet.dll
0x00007ff94e610000 - 0x00007ff94e62b000 	C:\WINDOWS\SYSTEM32\CRYPTSP.dll
0x00007ff94dd20000 - 0x00007ff94dd59000 	C:\WINDOWS\system32\rsaenh.dll
0x00007ff94e3e0000 - 0x00007ff94e413000 	C:\WINDOWS\SYSTEM32\USERENV.dll
0x00007ff94ef20000 - 0x00007ff94ef4a000 	C:\WINDOWS\SYSTEM32\bcrypt.dll
0x00007ff94e630000 - 0x00007ff94e63c000 	C:\WINDOWS\SYSTEM32\CRYPTBASE.dll
0x00007ff94a440000 - 0x00007ff94a44e000 	C:\Program Files\Java\jdk-23\bin\sunmscapi.dll
0x00007ff94f2f0000 - 0x00007ff94f467000 	C:\WINDOWS\System32\CRYPT32.dll
0x00007ff94e830000 - 0x00007ff94e860000 	C:\WINDOWS\SYSTEM32\ncrypt.dll
0x00007ff94e7e0000 - 0x00007ff94e81f000 	C:\WINDOWS\SYSTEM32\NTASN1.dll
0x00007ff8cdeb0000 - 0x00007ff8cdeb8000 	C:\WINDOWS\system32\wshunix.dll

dbghelp: loaded successfully - version: 4.0.5 - missing functions: none
symbol engine: initialized successfully - sym options: 0x614 - pdb path: .;C:\Program Files\Java\jdk-23\bin;C:\WINDOWS\SYSTEM32;C:\WINDOWS\WinSxS\amd64_microsoft.windows.common-controls_6595b64144ccf1df_6.0.26100.8115_none_3e075c82e3354f9c;D:\WindHawk\Engine\1.7.3\64;C:\Program Files\Java\jdk-23\bin\server;C:\Users\arjij\.gradle\native\1def1411415f61bf3af743bc5b6707747c0891f09f0c88961ee8f79bc544acac\windows-amd64;C:\Users\arjij\.gradle\native\0.2.7\x86_64-windows-gnu

VM Arguments:
jvm_args: --add-opens=java.base/java.lang=ALL-UNNAMED --add-opens=java.base/java.lang.invoke=ALL-UNNAMED --add-opens=java.base/java.util=ALL-UNNAMED --add-opens=java.prefs/java.util.prefs=ALL-UNNAMED --add-exports=jdk.compiler/com.sun.tools.javac.api=ALL-UNNAMED --add-exports=jdk.compiler/com.sun.tools.javac.util=ALL-UNNAMED --add-opens=java.base/java.util=ALL-UNNAMED --add-opens=java.prefs/java.util.prefs=ALL-UNNAMED --add-opens=java.base/java.nio.charset=ALL-UNNAMED --add-opens=java.base/java.net=ALL-UNNAMED --add-opens=java.base/java.util.concurrent.atomic=ALL-UNNAMED --add-opens=java.xml/javax.xml.namespace=ALL-UNNAMED -XX:MaxMetaspaceSize=4G -XX:ReservedCodeCacheSize=512m -XX:+HeapDumpOnOutOfMemoryError -Xmx8G -Dfile.encoding=UTF-8 -Duser.country=IN -Duser.language=en -Duser.variant -javaagent:C:\Users\arjij\.gradle\wrapper\dists\gradle-8.14-all\c2qonpi39x1mddn7hk5gh9iqj\gradle-8.14\lib\agents\gradle-instrumentation-agent-8.14.jar 
java_command: org.gradle.launcher.daemon.bootstrap.GradleDaemon 8.14
java_class_path (initial): C:\Users\arjij\.gradle\wrapper\dists\gradle-8.14-all\c2qonpi39x1mddn7hk5gh9iqj\gradle-8.14\lib\gradle-daemon-main-8.14.jar
Launcher Type: SUN_STANDARD

[Global flags]
     intx CICompilerCount                          = 12                                        {product} {ergonomic}
     uint ConcGCThreads                            = 3                                         {product} {ergonomic}
     uint G1ConcRefinementThreads                  = 13                                        {product} {ergonomic}
   size_t G1HeapRegionSize                         = 4194304                                   {product} {ergonomic}
     bool HeapDumpOnOutOfMemoryError               = true                                   {manageable} {command line}
   size_t InitialHeapSize                          = 260046848                                 {product} {ergonomic}
   size_t MarkStackSize                            = 4194304                                   {product} {ergonomic}
   size_t MarkStackSizeMax                         = 536870912                                 {product} {ergonomic}
   size_t MaxHeapSize                              = 8589934592                                {product} {command line}
   size_t MaxMetaspaceSize                         = 4294967296                                {product} {command line}
   size_t MaxNewSize                               = 5150605312                                {product} {ergonomic}
   size_t MinHeapDeltaBytes                        = 4194304                                   {product} {ergonomic}
   size_t MinHeapSize                              = 8388608                                   {product} {ergonomic}
    uintx NonNMethodCodeHeapSize                   = 7602176                                {pd product} {ergonomic}
    uintx NonProfiledCodeHeapSize                  = 264699904                              {pd product} {ergonomic}
    uintx ProfiledCodeHeapSize                     = 264568832                              {pd product} {ergonomic}
    uintx ReservedCodeCacheSize                    = 536870912                              {pd product} {command line, ergonomic}
     bool SegmentedCodeCache                       = true                                      {product} {ergonomic}
   size_t SoftMaxHeapSize                          = 8589934592                             {manageable} {ergonomic}
     bool UseCompressedOops                        = true                           {product lp64_product} {ergonomic}
     bool UseG1GC                                  = true                                      {product} {ergonomic}
     bool UseLargePagesIndividualAllocation        = false                                  {pd product} {ergonomic}

Logging:
Log output configuration:
 #0: stdout all=warning uptime,level,tags foldmultilines=false
 #1: stderr all=off uptime,level,tags foldmultilines=false

Environment Variables:
PATH=C:\Program Files\Common Files\Oracle\Java\javapath;C:\Program Files (x86)\Common Files\Oracle\Java\javapath;C:\Windows\system32;C:\Windows;C:\Windows\System32\Wbem;C:\Windows\System32\WindowsPowerShell\v1.0\;C:\Windows\System32\OpenSSH\;C:\Program Files\Git\cmd;C:\Program Files\dotnet\??????;C:\Program Files\dotnet\;C:\WINDOWS\system32;C:\WINDOWS;C:\WINDOWS\System32\Wbem;C:\WINDOWS\System32\WindowsPowerShell\v1.0\;C:\WINDOWS\System32\OpenSSH\;C:\Program Files (x86)\NVIDIA Corporation\PhysX\Common;C:\Program Files\NVIDIA Corporation\NVIDIA app\NvDLISR;C:\Program Files\MongoDB\Server\8.0\bin;C:\Users\arjij\AppData\Local\nvm;C:\nvm4w\nodejs;C:\Program Files\PowerShell\7\;C:\Program Files\Cloudflare\Cloudflare WARP\;C:\Program Files\Docker\Docker\resources\bin;C:\Users\arjij\AppData\Local\Programs\Python\Python313\Scripts\;C:\Users\arjij\AppData\Local\Programs\Python\Python313\;C:\Users\arjij\AppData\Local\Programs\Python\Launcher\;C:\Users\arjij\AppData\Local\Microsoft\WindowsApps;D:\PyCharm Community Edition 2023.3.5\bin;C:\Users\arjij\AppData\Local\Programs\Microsoft VS Code\bin;C:\Users\arjij\AppData\Local\GitHubDesktop\bin;C:\Users\arjij\AppData\Roaming\npm;C:\Program Files\apache-maven-3.9.9\bin;C:\mingw64\bin;C:\Users\arjij\.fly\bin;C:\Program Files\PostgreSQL\17\bin;C:\Users\arjij\AppData\Local\nvm;C:\nvm4w\nodejs;D:\Android Studio\flutter\bin;D:\flutter\bin;D:\Antigravity\bin
USERNAME=arjij
OS=Windows_NT
PROCESSOR_IDENTIFIER=AMD64 Family 25 Model 68 Stepping 1, AuthenticAMD
TMP=C:\Users\arjij\AppData\Local\Temp
TEMP=C:\Users\arjij\AppData\Local\Temp




Periodic native trim disabled

---------------  S Y S T E M  ---------------

OS:
 Windows 11 , 64 bit Build 26100 (10.0.26100.8246)
OS uptime: 0 days 0:51 hours
Hyper-V role detected

CPU: total 16 (initial active 16) (16 cores per cpu, 2 threads per core) family 25 model 68 stepping 1 microcode 0xa404102, cx8, cmov, fxsr, ht, mmx, 3dnowpref, sse, sse2, sse3, ssse3, sse4a, sse4.1, sse4.2, popcnt, lzcnt, tsc, tscinvbit, avx, avx2, aes, erms, clmul, bmi1, bmi2, adx, sha, fma, vzeroupper, clflush, clflushopt, hv, rdtscp, rdpid, fsrm, f16c, cet_ss
Processor Information for the first 16 processors :
  Max Mhz: 3201, Current Mhz: 3201, Mhz Limit: 3201

Memory: 4k page, system-wide physical 15628M (780M free)
TotalPageFile size 27916M (AvailPageFile size 101M)
current process WorkingSet (physical memory assigned to process): 219M, peak: 219M
current process commit charge ("private bytes"): 438M, peak: 438M

vm_info: Java HotSpot(TM) 64-Bit Server VM (23+37-2369) for windows-amd64 JRE (23+37-2369), built on 2024-08-20T16:01:23Z with MS VC++ 17.6 (VS2022)

END.
