#
# There is insufficient memory for the Java Runtime Environment to continue.
# Native memory allocation (malloc) failed to allocate 557776 bytes. Error detail: Chunk::new
# Possible reasons:
#   The system is out of physical RAM or swap space
#   This process is running with CompressedOops enabled, and the Java Heap may be blocking the growth of the native heap
# Possible solutions:
#   Reduce memory load on the system
#   Increase physical memory or swap space
#   Check if swap backing store is full
#   Decrease Java heap size (-Xmx/-Xms)
#   Decrease number of Java threads
#   Decrease Java thread stack sizes (-Xss)
#   Set larger code cache with -XX:ReservedCodeCacheSize=
#   JVM is running with Unscaled Compressed Oops mode in which the Java heap is
#     placed in the first 4GB address space. The Java Heap base address is the
#     maximum limit for the native heap growth. Please use -XX:HeapBaseMinAddress
#     to set the Java Heap base and to place the Java Heap above 4GB virtual address.
# This output file may be truncated or incomplete.
#
#  Out of Memory Error (arena.cpp:168), pid=21908, tid=22100
#
# JRE version: OpenJDK Runtime Environment Temurin-21.0.10+7 (21.0.10+7) (build 21.0.10+7-LTS)
# Java VM: OpenJDK 64-Bit Server VM Temurin-21.0.10+7 (21.0.10+7-LTS, mixed mode, sharing, tiered, compressed oops, compressed class ptrs, parallel gc, windows-amd64)
# No core dump will be written. Minidumps are not enabled by default on client versions of Windows
#

---------------  S U M M A R Y ------------

Command Line: --add-modules=ALL-SYSTEM --add-opens=java.base/java.util=ALL-UNNAMED --add-opens=java.base/java.lang=ALL-UNNAMED --add-opens=java.base/sun.nio.fs=ALL-UNNAMED -Declipse.application=org.eclipse.jdt.ls.core.id1 -Dosgi.bundles.defaultStartLevel=4 -Declipse.product=org.eclipse.jdt.ls.core.product -Djava.import.generatesMetadataFilesAtProjectRoot=false -DDetectVMInstallationsJob.disabled=true -Dfile.encoding=utf8 -XX:+UseParallelGC -XX:GCTimeRatio=4 -XX:AdaptiveSizePolicyWeight=90 -Dsun.zip.disableMemoryMapping=true -Xmx2G -Xms100m -Xlog:disable -javaagent:c:\Users\arjij\.vscode\extensions\redhat.java-1.54.0-win32-x64\lombok\lombok-1.18.39-4050.jar -XX:+HeapDumpOnOutOfMemoryError -XX:HeapDumpPath=c:\Users\arjij\AppData\Roaming\Code\User\workspaceStorage\d5653b72b0dc19411b67ff2f09511794\redhat.java -Daether.dependencyCollector.impl=bf c:\Users\arjij\.vscode\extensions\redhat.java-1.54.0-win32-x64\server\plugins\org.eclipse.equinox.launcher_1.7.100.v20251111-0406.jar -configuration c:\Users\arjij\AppData\Roaming\Code\User\globalStorage\redhat.java\1.54.0\config_win -data c:\Users\arjij\AppData\Roaming\Code\User\workspaceStorage\d5653b72b0dc19411b67ff2f09511794\redhat.java\jdt_ws --pipe=\\.\pipe\lsp-1aa53cb0624967f3051c03a814e3d6b9-sock

Host: AMD Ryzen 7 6800HS with Radeon Graphics         , 16 cores, 15G,  Windows 11 , 64 bit Build 26100 (10.0.26100.8246)
Time: Wed Apr 29 12:03:54 2026 India Standard Time elapsed time: 11.327012 seconds (0d 0h 0m 11s)

---------------  T H R E A D  ---------------

Current thread (0x0000020ae4dbda10):  JavaThread "C2 CompilerThread0" daemon [_thread_in_native, id=22100, stack(0x000000d1aff00000,0x000000d1b0000000) (1024K)]


Current CompileTask:
C2:11327 4175       4       org.lombokweb.asm.ClassReader::readMethod (1070 bytes)

Stack: [0x000000d1aff00000,0x000000d1b0000000]
Native frames: (J=compiled Java code, j=interpreted, Vv=VM code, C=native code)
V  [jvm.dll+0x6d7a39]
V  [jvm.dll+0x8b4b26]
V  [jvm.dll+0x8b70de]
V  [jvm.dll+0x8b77c3]
V  [jvm.dll+0x284346]
V  [jvm.dll+0xc66ed]
V  [jvm.dll+0xc6c31]
V  [jvm.dll+0x2fb29e]
V  [jvm.dll+0x5fe884]
V  [jvm.dll+0x255b17]
V  [jvm.dll+0x24e21f]
V  [jvm.dll+0x24ba42]
V  [jvm.dll+0x1cb34e]
V  [jvm.dll+0x25b85d]
V  [jvm.dll+0x259dea]
V  [jvm.dll+0x3f857e]
V  [jvm.dll+0x85f59d]
V  [jvm.dll+0x6d626d]
C  [ucrtbase.dll+0x37b0]
C  [KERNEL32.DLL+0x2e8d7]
C  [ntdll.dll+0x8c3fc]


---------------  P R O C E S S  ---------------

Threads class SMR info:
_java_thread_list=0x0000020aeb61d2e0, length=27, elements={
0x0000020acabd1260, 0x0000020acd0fe260, 0x0000020accfdc170, 0x0000020accfdffb0,
0x0000020accfe0a10, 0x0000020accfee240, 0x0000020ae4db5b10, 0x0000020ae4dbda10,
0x0000020ae4dc0700, 0x0000020ae5009390, 0x0000020ae66ad370, 0x0000020ae6d9a120,
0x0000020ae6b741d0, 0x0000020aeb306800, 0x0000020aeb307e80, 0x0000020aeb5b0110,
0x0000020aebcc6430, 0x0000020aeb916420, 0x0000020aeb584980, 0x0000020aeb5842f0,
0x0000020aeb5835d0, 0x0000020aeb97f220, 0x0000020aebe70bf0, 0x0000020aebe77800,
0x0000020aebe71280, 0x0000020aec10f810, 0x0000020aed4c11d0
}

Java Threads: ( => current thread )
  0x0000020acabd1260 JavaThread "main"                              [_thread_blocked, id=5996, stack(0x000000d1af500000,0x000000d1af600000) (1024K)]
  0x0000020acd0fe260 JavaThread "Reference Handler"          daemon [_thread_blocked, id=6560, stack(0x000000d1af900000,0x000000d1afa00000) (1024K)]
  0x0000020accfdc170 JavaThread "Finalizer"                  daemon [_thread_blocked, id=12484, stack(0x000000d1afa00000,0x000000d1afb00000) (1024K)]
  0x0000020accfdffb0 JavaThread "Signal Dispatcher"          daemon [_thread_blocked, id=22876, stack(0x000000d1afb00000,0x000000d1afc00000) (1024K)]
  0x0000020accfe0a10 JavaThread "Attach Listener"            daemon [_thread_blocked, id=23644, stack(0x000000d1afc00000,0x000000d1afd00000) (1024K)]
  0x0000020accfee240 JavaThread "Service Thread"             daemon [_thread_blocked, id=4768, stack(0x000000d1afd00000,0x000000d1afe00000) (1024K)]
  0x0000020ae4db5b10 JavaThread "Monitor Deflation Thread"   daemon [_thread_blocked, id=31600, stack(0x000000d1afe00000,0x000000d1aff00000) (1024K)]
=>0x0000020ae4dbda10 JavaThread "C2 CompilerThread0"         daemon [_thread_in_native, id=22100, stack(0x000000d1aff00000,0x000000d1b0000000) (1024K)]
  0x0000020ae4dc0700 JavaThread "C1 CompilerThread0"         daemon [_thread_blocked, id=29768, stack(0x000000d1b0000000,0x000000d1b0100000) (1024K)]
  0x0000020ae5009390 JavaThread "Common-Cleaner"             daemon [_thread_blocked, id=6148, stack(0x000000d1b0400000,0x000000d1b0500000) (1024K)]
  0x0000020ae66ad370 JavaThread "Notification Thread"        daemon [_thread_blocked, id=30488, stack(0x000000d1b0600000,0x000000d1b0700000) (1024K)]
  0x0000020ae6d9a120 JavaThread "Active Thread: Equinox Container: 41745532-bca4-4f9d-ba9c-e06289013970"        [_thread_blocked, id=31368, stack(0x000000d1b1000000,0x000000d1b1100000) (1024K)]
  0x0000020ae6b741d0 JavaThread "Refresh Thread: Equinox Container: 41745532-bca4-4f9d-ba9c-e06289013970" daemon [_thread_blocked, id=19560, stack(0x000000d1b1200000,0x000000d1b1300000) (1024K)]
  0x0000020aeb306800 JavaThread "Framework Event Dispatcher: Equinox Container: 41745532-bca4-4f9d-ba9c-e06289013970" daemon [_thread_blocked, id=27396, stack(0x000000d1b1300000,0x000000d1b1400000) (1024K)]
  0x0000020aeb307e80 JavaThread "Start Level: Equinox Container: 41745532-bca4-4f9d-ba9c-e06289013970" daemon [_thread_in_vm, id=4800, stack(0x000000d1b1400000,0x000000d1b1500000) (1024K)]
  0x0000020aeb5b0110 JavaThread "Bundle File Closer"         daemon [_thread_blocked, id=5572, stack(0x000000d1b1800000,0x000000d1b1900000) (1024K)]
  0x0000020aebcc6430 JavaThread "SCR Component Actor"        daemon [_thread_blocked, id=25604, stack(0x000000d1b0300000,0x000000d1b0400000) (1024K)]
  0x0000020aeb916420 JavaThread "Worker-JM"                         [_thread_blocked, id=30496, stack(0x000000d1b0f00000,0x000000d1b1000000) (1024K)]
  0x0000020aeb584980 JavaThread "JNA Cleaner"                daemon [_thread_blocked, id=19832, stack(0x000000d1b1b00000,0x000000d1b1c00000) (1024K)]
  0x0000020aeb5842f0 JavaThread "Worker-0: Repository registry initialization"        [_thread_in_vm, id=17376, stack(0x000000d1b1c00000,0x000000d1b1d00000) (1024K)]
  0x0000020aeb5835d0 JavaThread "Worker-1: Updating Maven Dependencies"        [_thread_blocked, id=22448, stack(0x000000d1b1d00000,0x000000d1b1e00000) (1024K)]
  0x0000020aeb97f220 JavaThread "C2 CompilerThread1"         daemon [_thread_in_native, id=20540, stack(0x000000d1b0700000,0x000000d1b0800000) (1024K)]
  0x0000020aebe70bf0 JavaThread "Worker-2"                          [_thread_blocked, id=27872, stack(0x000000d1b0e00000,0x000000d1b0f00000) (1024K)]
  0x0000020aebe77800 JavaThread "C1 CompilerThread1"         daemon [_thread_in_native, id=19032, stack(0x000000d1b1e00000,0x000000d1b1f00000) (1024K)]
  0x0000020aebe71280 JavaThread "Worker-3"                          [_thread_blocked, id=28636, stack(0x000000d1b1f00000,0x000000d1b2000000) (1024K)]
  0x0000020aec10f810 JavaThread "C2 CompilerThread2"         daemon [_thread_in_native, id=9668, stack(0x000000d1b0100000,0x000000d1b0200000) (1024K)]
  0x0000020aed4c11d0 JavaThread "C2 CompilerThread3"         daemon [_thread_in_native, id=13164, stack(0x000000d1b0200000,0x000000d1b0300000) (1024K)]
Total: 27

Other Threads:
  0x0000020accfd41e0 VMThread "VM Thread"                           [id=30576, stack(0x000000d1af800000,0x000000d1af900000) (1024K)]
  0x0000020accecca00 WatcherThread "VM Periodic Task Thread"        [id=2448, stack(0x000000d1af700000,0x000000d1af800000) (1024K)]
  0x0000020acd069f70 WorkerThread "GC Thread#0"                     [id=12420, stack(0x000000d1af600000,0x000000d1af700000) (1024K)]
  0x0000020ae67ee010 WorkerThread "GC Thread#1"                     [id=13364, stack(0x000000d1b0800000,0x000000d1b0900000) (1024K)]
  0x0000020ae6a71f10 WorkerThread "GC Thread#2"                     [id=3496, stack(0x000000d1b0900000,0x000000d1b0a00000) (1024K)]
  0x0000020ae6a722c0 WorkerThread "GC Thread#3"                     [id=23032, stack(0x000000d1b0a00000,0x000000d1b0b00000) (1024K)]
  0x0000020ae67ee3c0 WorkerThread "GC Thread#4"                     [id=16136, stack(0x000000d1b0b00000,0x000000d1b0c00000) (1024K)]
  0x0000020ae67ee770 WorkerThread "GC Thread#5"                     [id=30860, stack(0x000000d1b0c00000,0x000000d1b0d00000) (1024K)]
  0x0000020aeb25f010 WorkerThread "GC Thread#6"                     [id=26184, stack(0x000000d1b0d00000,0x000000d1b0e00000) (1024K)]
  0x0000020aeb342dd0 WorkerThread "GC Thread#7"                     [id=16040, stack(0x000000d1b1100000,0x000000d1b1200000) (1024K)]
  0x0000020aeb501280 WorkerThread "GC Thread#8"                     [id=13000, stack(0x000000d1b1500000,0x000000d1b1600000) (1024K)]
  0x0000020aeb6607d0 WorkerThread "GC Thread#9"                     [id=8924, stack(0x000000d1b1600000,0x000000d1b1700000) (1024K)]
  0x0000020aeb70d580 WorkerThread "GC Thread#10"                    [id=26116, stack(0x000000d1b1700000,0x000000d1b1800000) (1024K)]
  0x0000020aeb222fc0 WorkerThread "GC Thread#11"                    [id=4560, stack(0x000000d1b1900000,0x000000d1b1a00000) (1024K)]
  0x0000020aeb221d50 WorkerThread "GC Thread#12"                    [id=26024, stack(0x000000d1b1a00000,0x000000d1b1b00000) (1024K)]
Total: 15

Threads with active compile tasks:
C2 CompilerThread0  11356 4175       4       org.lombokweb.asm.ClassReader::readMethod (1070 bytes)
C2 CompilerThread1  11356 4251       4       sun.nio.fs.WindowsPathParser::normalize (233 bytes)
C1 CompilerThread1  11356 4268       3       org.codehaus.plexus.util.xml.pull.MXParser::nextImpl (1208 bytes)
C2 CompilerThread2  11356 4220       4       lombok.patcher.PatchScript$MethodPatcher::visitMethod (158 bytes)
C2 CompilerThread3  11356 4217       4       org.lombokweb.asm.MethodWriter::canCopyMethodAttributes (163 bytes)
Total: 5

VM state: not at safepoint (normal execution)

VM Mutex/Monitor currently owned by a thread: None

Heap address: 0x0000000080000000, size: 2048 MB, Compressed Oops mode: 32-bit

CDS archive(s) mapped at: [0x0000020a80000000-0x0000020a80ba0000-0x0000020a80ba0000), size 12189696, SharedBaseAddress: 0x0000020a80000000, ArchiveRelocationMode: 1.
Compressed class space mapped at: 0x0000020a81000000-0x0000020ac1000000, reserved size: 1073741824
Narrow klass base: 0x0000020a80000000, Narrow klass shift: 0, Narrow klass range: 0x100000000

GC Precious Log:
 CardTable entry size: 512
 CPUs: 16 total, 16 available
 Memory: 15628M
 Large Page Support: Disabled
 NUMA Support: Disabled
 Compressed Oops: Enabled (32-bit)
 Alignments: Space 512K, Generation 512K, Heap 2M
 Heap Min Capacity: 100M
 Heap Initial Capacity: 100M
 Heap Max Capacity: 2G
 Pre-touch: Disabled
 Parallel Workers: 13

Heap:
 PSYoungGen      total 25088K, used 24188K [0x00000000d5580000, 0x00000000d7380000, 0x0000000100000000)
  eden space 24064K, 97% used [0x00000000d5580000,0x00000000d6c66950,0x00000000d6d00000)
  from space 1024K, 72% used [0x00000000d7280000,0x00000000d73389e8,0x00000000d7380000)
  to   space 2560K, 0% used [0x00000000d6e80000,0x00000000d6e80000,0x00000000d7100000)
 ParOldGen       total 68608K, used 13263K [0x0000000080000000, 0x0000000084300000, 0x00000000d5580000)
  object space 68608K, 19% used [0x0000000080000000,0x0000000080cf3f18,0x0000000084300000)
 Metaspace       used 26616K, committed 27520K, reserved 1114112K
  class space    used 2636K, committed 3008K, reserved 1048576K

Card table byte_map: [0x0000020acc9e0000,0x0000020accdf0000] _byte_map_base: 0x0000020acc5e0000

Marking Bits: (ParMarkBitMap*) 0x00007ff880db3450
 Begin Bits: [0x0000020adf4f0000, 0x0000020ae14f0000)
 End Bits:   [0x0000020ae14f0000, 0x0000020ae34f0000)

Polling page: 0x0000020acb0b0000

Metaspace:

Usage:
  Non-class:     23.42 MB used.
      Class:      2.58 MB used.
       Both:     25.99 MB used.

Virtual space:
  Non-class space:       64.00 MB reserved,      23.94 MB ( 37%) committed,  1 nodes.
      Class space:        1.00 GB reserved,       2.94 MB ( <1%) committed,  1 nodes.
             Both:        1.06 GB reserved,      26.88 MB (  2%) committed. 

Chunk freelists:
   Non-Class:  7.64 MB
       Class:  12.97 MB
        Both:  20.61 MB

MaxMetaspaceSize: unlimited
CompressedClassSpaceSize: 1.00 GB
Initial GC threshold: 21.00 MB
Current GC threshold: 35.00 MB
CDS: on
 - commit_granule_bytes: 65536.
 - commit_granule_words: 8192.
 - virtual_space_node_default_size: 8388608.
 - enlarge_chunks_in_place: 1.
 - use_allocation_guard: 0.


Internal statistics:

num_allocs_failed_limit: 3.
num_arena_births: 694.
num_arena_deaths: 14.
num_vsnodes_births: 2.
num_vsnodes_deaths: 0.
num_space_committed: 430.
num_space_uncommitted: 0.
num_chunks_returned_to_freelist: 17.
num_chunks_taken_from_freelist: 1773.
num_chunk_merges: 9.
num_chunk_splits: 1129.
num_chunks_enlarged: 723.
num_inconsistent_stats: 0.

CodeHeap 'non-profiled nmethods': size=119168Kb used=1875Kb max_used=1875Kb free=117292Kb
 bounds [0x0000020ad7de0000, 0x0000020ad8050000, 0x0000020adf240000]
CodeHeap 'profiled nmethods': size=119104Kb used=9161Kb max_used=9161Kb free=109942Kb
 bounds [0x0000020ad0240000, 0x0000020ad0b40000, 0x0000020ad7690000]
CodeHeap 'non-nmethods': size=7488Kb used=1893Kb max_used=3029Kb free=5594Kb
 bounds [0x0000020ad7690000, 0x0000020ad7990000, 0x0000020ad7de0000]
CodeCache: size=245760Kb, used=12929Kb, max_used=14065Kb, free=232828Kb
 total_blobs=4878, nmethods=4257, adapters=526, full_count=0
Compilation: enabled, stopped_count=0, restarted_count=0

Compilation events (20 events):
Event: 7.303 Thread 0x0000020aeb61d290 nmethod 4192 0x0000020ad0afaf90 code [0x0000020ad0afb120, 0x0000020ad0afb250]
Event: 7.305 Thread 0x0000020aec10f810 4193       3       java.util.concurrent.locks.LockSupport::setBlocker (12 bytes)
Event: 7.305 Thread 0x0000020aec10f810 nmethod 4193 0x0000020ad0afb310 code [0x0000020ad0afb4c0, 0x0000020ad0afb6c8]
Event: 7.307 Thread 0x0000020aec10f810 4196       3       org.lombokweb.asm.ClassReader::readStackMapFrame (535 bytes)
Event: 7.308 Thread 0x0000020aec10f810 nmethod 4196 0x0000020ad0afb790 code [0x0000020ad0afba40, 0x0000020ad0afca10]
Event: 7.937 Thread 0x0000020aeb61d290 4197       1       org.eclipse.core.internal.jobs.InternalJob::previous (5 bytes)
Event: 7.937 Thread 0x0000020aeb61d290 nmethod 4197 0x0000020ad7fad310 code [0x0000020ad7fad4a0, 0x0000020ad7fad568]
Event: 7.991 Thread 0x0000020aeb61d290 4198       3       java.util.concurrent.ConcurrentLinkedQueue::offer (120 bytes)
Event: 7.991 Thread 0x0000020aec10f810 4199       3       java.util.concurrent.ConcurrentLinkedQueue$Node::<init> (13 bytes)
Event: 7.991 Thread 0x0000020aeb70c640 4200       3       java.lang.invoke.VarHandleReferences$FieldInstanceReadWrite::set (35 bytes)
Event: 7.992 Thread 0x0000020aeb70c640 nmethod 4200 0x0000020ad0afd010 code [0x0000020ad0afd240, 0x0000020ad0afd9c8]
Event: 7.992 Thread 0x0000020aec10f810 nmethod 4199 0x0000020ad0afdc90 code [0x0000020ad0afdee0, 0x0000020ad0afe7d8]
Event: 7.992 Thread 0x0000020aeb61d290 nmethod 4198 0x0000020ad0afeb10 code [0x0000020ad0afef00, 0x0000020ad0b00b50]
Event: 8.343 Thread 0x0000020aec10f810 4201       3       java.lang.Thread::isVirtual (5 bytes)
Event: 8.343 Thread 0x0000020aec10f810 nmethod 4201 0x0000020ad0b01510 code [0x0000020ad0b016c0, 0x0000020ad0b018c8]
Event: 8.663 Thread 0x0000020aeb70c640 4202       3       java.util.concurrent.locks.AbstractQueuedSynchronizer::casTail (13 bytes)
Event: 8.663 Thread 0x0000020aeb70c640 nmethod 4202 0x0000020ad0b01990 code [0x0000020ad0b01b20, 0x0000020ad0b01c60]
Event: 8.803 Thread 0x0000020ae4dc0700 4204       3       java.lang.invoke.VarHandleGuards::guard_LII_Z (86 bytes)
Event: 8.803 Thread 0x0000020aec10f810 4205       3       java.lang.invoke.VarHandleInts$FieldInstanceReadWrite::compareAndSet (32 bytes)
Event: 8.804 Thread 0x0000020aec10f810 nmethod 4205 0x0000020ad0b01d10 code [0x0000020ad0b01f00, 0x0000020ad0b02490]

GC Heap History (18 events):
Event: 0.594 GC heap before
{Heap before GC invocations=1 (full 0):
 PSYoungGen      total 29696K, used 25600K [0x00000000d5580000, 0x00000000d7680000, 0x0000000100000000)
  eden space 25600K, 100% used [0x00000000d5580000,0x00000000d6e80000,0x00000000d6e80000)
  from space 4096K, 0% used [0x00000000d7280000,0x00000000d7280000,0x00000000d7680000)
  to   space 4096K, 0% used [0x00000000d6e80000,0x00000000d6e80000,0x00000000d7280000)
 ParOldGen       total 68608K, used 0K [0x0000000080000000, 0x0000000084300000, 0x00000000d5580000)
  object space 68608K, 0% used [0x0000000080000000,0x0000000080000000,0x0000000084300000)
 Metaspace       used 4158K, committed 4416K, reserved 1114112K
  class space    used 453K, committed 576K, reserved 1048576K
}
Event: 0.602 GC heap after
{Heap after GC invocations=1 (full 0):
 PSYoungGen      total 29696K, used 3627K [0x00000000d5580000, 0x00000000d7680000, 0x0000000100000000)
  eden space 25600K, 0% used [0x00000000d5580000,0x00000000d5580000,0x00000000d6e80000)
  from space 4096K, 88% used [0x00000000d6e80000,0x00000000d720aff0,0x00000000d7280000)
  to   space 4096K, 0% used [0x00000000d7280000,0x00000000d7280000,0x00000000d7680000)
 ParOldGen       total 68608K, used 16K [0x0000000080000000, 0x0000000084300000, 0x00000000d5580000)
  object space 68608K, 0% used [0x0000000080000000,0x0000000080004000,0x0000000084300000)
 Metaspace       used 4158K, committed 4416K, reserved 1114112K
  class space    used 453K, committed 576K, reserved 1048576K
}
Event: 1.033 GC heap before
{Heap before GC invocations=2 (full 0):
 PSYoungGen      total 29696K, used 29227K [0x00000000d5580000, 0x00000000d7680000, 0x0000000100000000)
  eden space 25600K, 100% used [0x00000000d5580000,0x00000000d6e80000,0x00000000d6e80000)
  from space 4096K, 88% used [0x00000000d6e80000,0x00000000d720aff0,0x00000000d7280000)
  to   space 4096K, 0% used [0x00000000d7280000,0x00000000d7280000,0x00000000d7680000)
 ParOldGen       total 68608K, used 16K [0x0000000080000000, 0x0000000084300000, 0x00000000d5580000)
  object space 68608K, 0% used [0x0000000080000000,0x0000000080004000,0x0000000084300000)
 Metaspace       used 7817K, committed 8192K, reserved 1114112K
  class space    used 808K, committed 960K, reserved 1048576K
}
Event: 1.038 GC heap after
{Heap after GC invocations=2 (full 0):
 PSYoungGen      total 29696K, used 4093K [0x00000000d5580000, 0x00000000d7680000, 0x0000000100000000)
  eden space 25600K, 0% used [0x00000000d5580000,0x00000000d5580000,0x00000000d6e80000)
  from space 4096K, 99% used [0x00000000d7280000,0x00000000d767f550,0x00000000d7680000)
  to   space 4096K, 0% used [0x00000000d6e80000,0x00000000d6e80000,0x00000000d7280000)
 ParOldGen       total 68608K, used 1986K [0x0000000080000000, 0x0000000084300000, 0x00000000d5580000)
  object space 68608K, 2% used [0x0000000080000000,0x00000000801f0958,0x0000000084300000)
 Metaspace       used 7817K, committed 8192K, reserved 1114112K
  class space    used 808K, committed 960K, reserved 1048576K
}
Event: 1.384 GC heap before
{Heap before GC invocations=3 (full 0):
 PSYoungGen      total 29696K, used 29693K [0x00000000d5580000, 0x00000000d7680000, 0x0000000100000000)
  eden space 25600K, 100% used [0x00000000d5580000,0x00000000d6e80000,0x00000000d6e80000)
  from space 4096K, 99% used [0x00000000d7280000,0x00000000d767f550,0x00000000d7680000)
  to   space 4096K, 0% used [0x00000000d6e80000,0x00000000d6e80000,0x00000000d7280000)
 ParOldGen       total 68608K, used 1986K [0x0000000080000000, 0x0000000084300000, 0x00000000d5580000)
  object space 68608K, 2% used [0x0000000080000000,0x00000000801f0958,0x0000000084300000)
 Metaspace       used 9494K, committed 9856K, reserved 1114112K
  class space    used 1010K, committed 1152K, reserved 1048576K
}
Event: 1.388 GC heap after
{Heap after GC invocations=3 (full 0):
 PSYoungGen      total 29696K, used 4091K [0x00000000d5580000, 0x00000000d7680000, 0x0000000100000000)
  eden space 25600K, 0% used [0x00000000d5580000,0x00000000d5580000,0x00000000d6e80000)
  from space 4096K, 99% used [0x00000000d6e80000,0x00000000d727edc0,0x00000000d7280000)
  to   space 4096K, 0% used [0x00000000d7280000,0x00000000d7280000,0x00000000d7680000)
 ParOldGen       total 68608K, used 4203K [0x0000000080000000, 0x0000000084300000, 0x00000000d5580000)
  object space 68608K, 6% used [0x0000000080000000,0x000000008041aed0,0x0000000084300000)
 Metaspace       used 9494K, committed 9856K, reserved 1114112K
  class space    used 1010K, committed 1152K, reserved 1048576K
}
Event: 3.646 GC heap before
{Heap before GC invocations=4 (full 0):
 PSYoungGen      total 29696K, used 29691K [0x00000000d5580000, 0x00000000d7680000, 0x0000000100000000)
  eden space 25600K, 100% used [0x00000000d5580000,0x00000000d6e80000,0x00000000d6e80000)
  from space 4096K, 99% used [0x00000000d6e80000,0x00000000d727edc0,0x00000000d7280000)
  to   space 4096K, 0% used [0x00000000d7280000,0x00000000d7280000,0x00000000d7680000)
 ParOldGen       total 68608K, used 4203K [0x0000000080000000, 0x0000000084300000, 0x00000000d5580000)
  object space 68608K, 6% used [0x0000000080000000,0x000000008041aed0,0x0000000084300000)
 Metaspace       used 11199K, committed 11584K, reserved 1114112K
  class space    used 1175K, committed 1344K, reserved 1048576K
}
Event: 3.652 GC heap after
{Heap after GC invocations=4 (full 0):
 PSYoungGen      total 29696K, used 4090K [0x00000000d5580000, 0x00000000d7680000, 0x0000000100000000)
  eden space 25600K, 0% used [0x00000000d5580000,0x00000000d5580000,0x00000000d6e80000)
  from space 4096K, 99% used [0x00000000d7280000,0x00000000d767ea98,0x00000000d7680000)
  to   space 4096K, 0% used [0x00000000d6e80000,0x00000000d6e80000,0x00000000d7280000)
 ParOldGen       total 68608K, used 6848K [0x0000000080000000, 0x0000000084300000, 0x00000000d5580000)
  object space 68608K, 9% used [0x0000000080000000,0x00000000806b00a0,0x0000000084300000)
 Metaspace       used 11199K, committed 11584K, reserved 1114112K
  class space    used 1175K, committed 1344K, reserved 1048576K
}
Event: 4.012 GC heap before
{Heap before GC invocations=5 (full 0):
 PSYoungGen      total 29696K, used 29678K [0x00000000d5580000, 0x00000000d7680000, 0x0000000100000000)
  eden space 25600K, 99% used [0x00000000d5580000,0x00000000d6e7ce28,0x00000000d6e80000)
  from space 4096K, 99% used [0x00000000d7280000,0x00000000d767ea98,0x00000000d7680000)
  to   space 4096K, 0% used [0x00000000d6e80000,0x00000000d6e80000,0x00000000d7280000)
 ParOldGen       total 68608K, used 6848K [0x0000000080000000, 0x0000000084300000, 0x00000000d5580000)
  object space 68608K, 9% used [0x0000000080000000,0x00000000806b00a0,0x0000000084300000)
 Metaspace       used 15062K, committed 15616K, reserved 1114112K
  class space    used 1551K, committed 1792K, reserved 1048576K
}
Event: 4.015 GC heap after
{Heap after GC invocations=5 (full 0):
 PSYoungGen      total 29184K, used 4081K [0x00000000d5580000, 0x00000000d7a00000, 0x0000000100000000)
  eden space 25088K, 0% used [0x00000000d5580000,0x00000000d5580000,0x00000000d6e00000)
  from space 4096K, 99% used [0x00000000d6e80000,0x00000000d727c490,0x00000000d7280000)
  to   space 6144K, 0% used [0x00000000d7400000,0x00000000d7400000,0x00000000d7a00000)
 ParOldGen       total 68608K, used 7976K [0x0000000080000000, 0x0000000084300000, 0x00000000d5580000)
  object space 68608K, 11% used [0x0000000080000000,0x00000000807ca0b0,0x0000000084300000)
 Metaspace       used 15062K, committed 15616K, reserved 1114112K
  class space    used 1551K, committed 1792K, reserved 1048576K
}
Event: 5.596 GC heap before
{Heap before GC invocations=6 (full 0):
 PSYoungGen      total 29184K, used 29169K [0x00000000d5580000, 0x00000000d7a00000, 0x0000000100000000)
  eden space 25088K, 100% used [0x00000000d5580000,0x00000000d6e00000,0x00000000d6e00000)
  from space 4096K, 99% used [0x00000000d6e80000,0x00000000d727c490,0x00000000d7280000)
  to   space 6144K, 0% used [0x00000000d7400000,0x00000000d7400000,0x00000000d7a00000)
 ParOldGen       total 68608K, used 7976K [0x0000000080000000, 0x0000000084300000, 0x00000000d5580000)
  object space 68608K, 11% used [0x0000000080000000,0x00000000807ca0b0,0x0000000084300000)
 Metaspace       used 18583K, committed 19328K, reserved 1114112K
  class space    used 1939K, committed 2240K, reserved 1048576K
}
Event: 5.599 GC heap after
{Heap after GC invocations=6 (full 0):
 PSYoungGen      total 29696K, used 5042K [0x00000000d5580000, 0x00000000d7900000, 0x0000000100000000)
  eden space 24576K, 0% used [0x00000000d5580000,0x00000000d5580000,0x00000000d6d80000)
  from space 5120K, 98% used [0x00000000d7400000,0x00000000d78ecac0,0x00000000d7900000)
  to   space 5632K, 0% used [0x00000000d6e00000,0x00000000d6e00000,0x00000000d7380000)
 ParOldGen       total 68608K, used 7984K [0x0000000080000000, 0x0000000084300000, 0x00000000d5580000)
  object space 68608K, 11% used [0x0000000080000000,0x00000000807cc0b0,0x0000000084300000)
 Metaspace       used 18583K, committed 19328K, reserved 1114112K
  class space    used 1939K, committed 2240K, reserved 1048576K
}
Event: 6.945 GC heap before
{Heap before GC invocations=7 (full 0):
 PSYoungGen      total 29696K, used 27741K [0x00000000d5580000, 0x00000000d7900000, 0x0000000100000000)
  eden space 24576K, 92% used [0x00000000d5580000,0x00000000d6baac60,0x00000000d6d80000)
  from space 5120K, 98% used [0x00000000d7400000,0x00000000d78ecac0,0x00000000d7900000)
  to   space 5632K, 0% used [0x00000000d6e00000,0x00000000d6e00000,0x00000000d7380000)
 ParOldGen       total 68608K, used 7984K [0x0000000080000000, 0x0000000084300000, 0x00000000d5580000)
  object space 68608K, 11% used [0x0000000080000000,0x00000000807cc0b0,0x0000000084300000)
 Metaspace       used 20730K, committed 21504K, reserved 1114112K
  class space    used 2186K, committed 2496K, reserved 1048576K
}
Event: 6.948 GC heap after
{Heap after GC invocations=7 (full 0):
 PSYoungGen      total 29184K, used 4401K [0x00000000d5580000, 0x00000000d7780000, 0x0000000100000000)
  eden space 24576K, 0% used [0x00000000d5580000,0x00000000d5580000,0x00000000d6d80000)
  from space 4608K, 95% used [0x00000000d6e00000,0x00000000d724c790,0x00000000d7280000)
  to   space 5120K, 0% used [0x00000000d7280000,0x00000000d7280000,0x00000000d7780000)
 ParOldGen       total 68608K, used 9472K [0x0000000080000000, 0x0000000084300000, 0x00000000d5580000)
  object space 68608K, 13% used [0x0000000080000000,0x00000000809400b8,0x0000000084300000)
 Metaspace       used 20730K, committed 21504K, reserved 1114112K
  class space    used 2186K, committed 2496K, reserved 1048576K
}
Event: 6.948 GC heap before
{Heap before GC invocations=8 (full 1):
 PSYoungGen      total 29184K, used 4401K [0x00000000d5580000, 0x00000000d7780000, 0x0000000100000000)
  eden space 24576K, 0% used [0x00000000d5580000,0x00000000d5580000,0x00000000d6d80000)
  from space 4608K, 95% used [0x00000000d6e00000,0x00000000d724c790,0x00000000d7280000)
  to   space 5120K, 0% used [0x00000000d7280000,0x00000000d7280000,0x00000000d7780000)
 ParOldGen       total 68608K, used 9472K [0x0000000080000000, 0x0000000084300000, 0x00000000d5580000)
  object space 68608K, 13% used [0x0000000080000000,0x00000000809400b8,0x0000000084300000)
 Metaspace       used 20730K, committed 21504K, reserved 1114112K
  class space    used 2186K, committed 2496K, reserved 1048576K
}
Event: 6.974 GC heap after
{Heap after GC invocations=8 (full 1):
 PSYoungGen      total 29184K, used 0K [0x00000000d5580000, 0x00000000d7780000, 0x0000000100000000)
  eden space 24576K, 0% used [0x00000000d5580000,0x00000000d5580000,0x00000000d6d80000)
  from space 4608K, 0% used [0x00000000d6e00000,0x00000000d6e00000,0x00000000d7280000)
  to   space 5120K, 0% used [0x00000000d7280000,0x00000000d7280000,0x00000000d7780000)
 ParOldGen       total 68608K, used 13255K [0x0000000080000000, 0x0000000084300000, 0x00000000d5580000)
  object space 68608K, 19% used [0x0000000080000000,0x0000000080cf1f18,0x0000000084300000)
 Metaspace       used 20717K, committed 21504K, reserved 1114112K
  class space    used 2182K, committed 2496K, reserved 1048576K
}
Event: 7.198 GC heap before
{Heap before GC invocations=9 (full 1):
 PSYoungGen      total 29184K, used 24576K [0x00000000d5580000, 0x00000000d7780000, 0x0000000100000000)
  eden space 24576K, 100% used [0x00000000d5580000,0x00000000d6d80000,0x00000000d6d80000)
  from space 4608K, 0% used [0x00000000d6e00000,0x00000000d6e00000,0x00000000d7280000)
  to   space 5120K, 0% used [0x00000000d7280000,0x00000000d7280000,0x00000000d7780000)
 ParOldGen       total 68608K, used 13255K [0x0000000080000000, 0x0000000084300000, 0x00000000d5580000)
  object space 68608K, 19% used [0x0000000080000000,0x0000000080cf1f18,0x0000000084300000)
 Metaspace       used 23244K, committed 24064K, reserved 1114112K
  class space    used 2349K, committed 2688K, reserved 1048576K
}
Event: 7.199 GC heap after
{Heap after GC invocations=9 (full 1):
 PSYoungGen      total 25088K, used 738K [0x00000000d5580000, 0x00000000d7380000, 0x0000000100000000)
  eden space 24064K, 0% used [0x00000000d5580000,0x00000000d5580000,0x00000000d6d00000)
  from space 1024K, 72% used [0x00000000d7280000,0x00000000d73389e8,0x00000000d7380000)
  to   space 2560K, 0% used [0x00000000d6e80000,0x00000000d6e80000,0x00000000d7100000)
 ParOldGen       total 68608K, used 13263K [0x0000000080000000, 0x0000000084300000, 0x00000000d5580000)
  object space 68608K, 19% used [0x0000000080000000,0x0000000080cf3f18,0x0000000084300000)
 Metaspace       used 23244K, committed 24064K, reserved 1114112K
  class space    used 2349K, committed 2688K, reserved 1048576K
}

Dll operation events (10 events):
Event: 0.012 Loaded shared library c:\Users\arjij\.vscode\extensions\redhat.java-1.54.0-win32-x64\jre\21.0.10-win32-x86_64\bin\java.dll
Event: 0.071 Loaded shared library c:\Users\arjij\.vscode\extensions\redhat.java-1.54.0-win32-x64\jre\21.0.10-win32-x86_64\bin\zip.dll
Event: 0.095 Loaded shared library C:\Users\arjij\.vscode\extensions\redhat.java-1.54.0-win32-x64\jre\21.0.10-win32-x86_64\bin\instrument.dll
Event: 0.100 Loaded shared library C:\Users\arjij\.vscode\extensions\redhat.java-1.54.0-win32-x64\jre\21.0.10-win32-x86_64\bin\net.dll
Event: 0.103 Loaded shared library C:\Users\arjij\.vscode\extensions\redhat.java-1.54.0-win32-x64\jre\21.0.10-win32-x86_64\bin\nio.dll
Event: 0.106 Loaded shared library C:\Users\arjij\.vscode\extensions\redhat.java-1.54.0-win32-x64\jre\21.0.10-win32-x86_64\bin\zip.dll
Event: 0.125 Loaded shared library C:\Users\arjij\.vscode\extensions\redhat.java-1.54.0-win32-x64\jre\21.0.10-win32-x86_64\bin\jimage.dll
Event: 0.197 Loaded shared library c:\Users\arjij\.vscode\extensions\redhat.java-1.54.0-win32-x64\jre\21.0.10-win32-x86_64\bin\verify.dll
Event: 1.146 Loaded shared library C:\Users\arjij\AppData\Roaming\Code\User\globalStorage\redhat.java\1.54.0\config_win\org.eclipse.equinox.launcher\org.eclipse.equinox.launcher.win32.win32.x86_64_1.3.0.v20260203-2149\eclipse_11919.dll
Event: 4.227 Loaded shared library C:\Users\arjij\AppData\Local\Temp\jna-93082938\jna5217758723232780992.dll

Deoptimization events (20 events):
Event: 7.020 Thread 0x0000020aeb307e80 Uncommon trap: trap_request=0xffffff45 fr.pc=0x0000020ad7f43570 relative=0x0000000000001010
Event: 7.020 Thread 0x0000020aeb307e80 Uncommon trap: reason=unstable_if action=reinterpret pc=0x0000020ad7f43570 method=jdk.internal.org.objectweb.asm.Frame.execute(IILjdk/internal/org/objectweb/asm/Symbol;Ljdk/internal/org/objectweb/asm/SymbolTable;)V @ 1 c2
Event: 7.020 Thread 0x0000020aeb307e80 DEOPT PACKING pc=0x0000020ad7f43570 sp=0x000000d1b14f80e0
Event: 7.020 Thread 0x0000020aeb307e80 DEOPT UNPACKING pc=0x0000020ad76e3aa2 sp=0x000000d1b14f8068 mode 2
Event: 7.106 Thread 0x0000020aeb307e80 Uncommon trap: trap_request=0xffffff45 fr.pc=0x0000020ad7f9ea10 relative=0x0000000000000890
Event: 7.106 Thread 0x0000020aeb307e80 Uncommon trap: reason=unstable_if action=reinterpret pc=0x0000020ad7f9ea10 method=org.lombokweb.asm.ClassReader.readUTF8(I[C)Ljava/lang/String; @ 11 c2
Event: 7.106 Thread 0x0000020aeb307e80 DEOPT PACKING pc=0x0000020ad7f9ea10 sp=0x000000d1b14ef860
Event: 7.106 Thread 0x0000020aeb307e80 DEOPT UNPACKING pc=0x0000020ad76e3aa2 sp=0x000000d1b14ef868 mode 2
Event: 7.287 Thread 0x0000020aeb307e80 Uncommon trap: trap_request=0xffffff45 fr.pc=0x0000020ad7fa97ec relative=0x000000000000014c
Event: 7.287 Thread 0x0000020aeb307e80 Uncommon trap: reason=unstable_if action=reinterpret pc=0x0000020ad7fa97ec method=org.lombokweb.asm.ByteVector.putByteArray([BII)Lorg/lombokweb/asm/ByteVector; @ 20 c2
Event: 7.287 Thread 0x0000020aeb307e80 DEOPT PACKING pc=0x0000020ad7fa97ec sp=0x000000d1b14f29f0
Event: 7.287 Thread 0x0000020aeb307e80 DEOPT UNPACKING pc=0x0000020ad76e3aa2 sp=0x000000d1b14f29c0 mode 2
Event: 7.287 Thread 0x0000020aeb307e80 Uncommon trap: trap_request=0xffffff45 fr.pc=0x0000020ad7fa73a4 relative=0x0000000000000364
Event: 7.287 Thread 0x0000020aeb307e80 Uncommon trap: reason=unstable_if action=reinterpret pc=0x0000020ad7fa73a4 method=org.lombokweb.asm.Label.resolve([BLorg/lombokweb/asm/ByteVector;I)Z @ 81 c2
Event: 7.287 Thread 0x0000020aeb307e80 DEOPT PACKING pc=0x0000020ad7fa73a4 sp=0x000000d1b14f2a80
Event: 7.287 Thread 0x0000020aeb307e80 DEOPT UNPACKING pc=0x0000020ad76e3aa2 sp=0x000000d1b14f2988 mode 2
Event: 7.288 Thread 0x0000020aeb307e80 Uncommon trap: trap_request=0xffffff45 fr.pc=0x0000020ad7fa6bcc relative=0x000000000000022c
Event: 7.288 Thread 0x0000020aeb307e80 Uncommon trap: reason=unstable_if action=reinterpret pc=0x0000020ad7fa6bcc method=org.lombokweb.asm.Label.resolve([BLorg/lombokweb/asm/ByteVector;I)Z @ 81 c2
Event: 7.288 Thread 0x0000020aeb307e80 DEOPT PACKING pc=0x0000020ad7fa6bcc sp=0x000000d1b14f29f0
Event: 7.288 Thread 0x0000020aeb307e80 DEOPT UNPACKING pc=0x0000020ad76e3aa2 sp=0x000000d1b14f2980 mode 2

Classes loaded (20 events):
Event: 7.066 Loading class java/io/StringReader
Event: 7.066 Loading class java/io/StringReader done
Event: 7.067 Loading class java/util/zip/GZIPInputStream
Event: 7.068 Loading class java/util/zip/GZIPInputStream done
Event: 7.071 Loading class java/net/SocketTimeoutException
Event: 7.071 Loading class java/io/InterruptedIOException
Event: 7.071 Loading class java/io/InterruptedIOException done
Event: 7.071 Loading class java/net/SocketTimeoutException done
Event: 7.071 Loading class java/net/SocketException
Event: 7.071 Loading class java/net/SocketException done
Event: 7.071 Loading class java/net/UnknownHostException
Event: 7.071 Loading class java/net/UnknownHostException done
Event: 7.071 Loading class java/net/ProtocolException
Event: 7.071 Loading class java/net/ProtocolException done
Event: 7.088 Loading class java/lang/ThreadLocal$SuppliedThreadLocal
Event: 7.089 Loading class java/lang/ThreadLocal$SuppliedThreadLocal done
Event: 7.097 Loading class java/io/FileWriter
Event: 7.097 Loading class java/io/FileWriter done
Event: 7.097 Loading class java/lang/NegativeArraySizeException
Event: 7.098 Loading class java/lang/NegativeArraySizeException done

Classes unloaded (7 events):
Event: 6.951 Thread 0x0000020accfd41e0 Unloading class 0x0000020a811a8c00 'java/lang/invoke/LambdaForm$MH+0x0000020a811a8c00'
Event: 6.951 Thread 0x0000020accfd41e0 Unloading class 0x0000020a811a8800 'java/lang/invoke/LambdaForm$MH+0x0000020a811a8800'
Event: 6.951 Thread 0x0000020accfd41e0 Unloading class 0x0000020a811a8400 'java/lang/invoke/LambdaForm$MH+0x0000020a811a8400'
Event: 6.951 Thread 0x0000020accfd41e0 Unloading class 0x0000020a811a8000 'java/lang/invoke/LambdaForm$MH+0x0000020a811a8000'
Event: 6.951 Thread 0x0000020accfd41e0 Unloading class 0x0000020a811a7c00 'java/lang/invoke/LambdaForm$BMH+0x0000020a811a7c00'
Event: 6.951 Thread 0x0000020accfd41e0 Unloading class 0x0000020a811a7800 'java/lang/invoke/LambdaForm$DMH+0x0000020a811a7800'
Event: 6.951 Thread 0x0000020accfd41e0 Unloading class 0x0000020a811a6400 'java/lang/invoke/LambdaForm$DMH+0x0000020a811a6400'

Classes redefined (0 events):
No events

Internal exceptions (20 events):
Event: 4.282 Thread 0x0000020aeb307e80 Exception <a 'java/lang/NoSuchMethodError'{0x00000000d613d7f0}: 'java.lang.Object java.lang.invoke.DirectMethodHandle$Holder.invokeSpecial(java.lang.Object, java.lang.Object, java.lang.Object, long, java.lang.Object)'> (0x00000000d613d7f0) 
thrown [s\src\hotspot\share\interpreter\linkResolver.cpp, line 773]
Event: 4.282 Thread 0x0000020aeb307e80 Exception <a 'java/lang/NoSuchMethodError'{0x00000000d6145038}: 'java.lang.Object java.lang.invoke.DirectMethodHandle$Holder.newInvokeSpecial(java.lang.Object, java.lang.Object, java.lang.Object, long)'> (0x00000000d6145038) 
thrown [s\src\hotspot\share\interpreter\linkResolver.cpp, line 773]
Event: 4.282 Thread 0x0000020aeb307e80 Exception <a 'java/lang/NoSuchMethodError'{0x00000000d6149628}: 'java.lang.Object java.lang.invoke.DirectMethodHandle$Holder.invokeSpecial(java.lang.Object, java.lang.Object, java.lang.Object, java.lang.Object, long)'> (0x00000000d6149628) 
thrown [s\src\hotspot\share\interpreter\linkResolver.cpp, line 773]
Event: 4.282 Thread 0x0000020aeb307e80 Exception <a 'java/lang/NoSuchMethodError'{0x00000000d614d248}: 'java.lang.Object java.lang.invoke.Invokers$Holder.linkToTargetMethod(java.lang.Object, java.lang.Object, long, java.lang.Object)'> (0x00000000d614d248) 
thrown [s\src\hotspot\share\interpreter\linkResolver.cpp, line 773]
Event: 4.290 Thread 0x0000020aeb307e80 Exception <a 'java/lang/NoSuchMethodError'{0x00000000d61bf660}: 'int java.lang.invoke.DirectMethodHandle$Holder.invokeStaticInit(java.lang.Object, java.lang.Object, java.lang.Object)'> (0x00000000d61bf660) 
thrown [s\src\hotspot\share\interpreter\linkResolver.cpp, line 773]
Event: 4.300 Thread 0x0000020aeb307e80 Exception <a 'java/lang/IncompatibleClassChangeError'{0x00000000d626f128}: Found class java.lang.Object, but interface was expected> (0x00000000d626f128) 
thrown [s\src\hotspot\share\interpreter\linkResolver.cpp, line 840]
Event: 4.302 Thread 0x0000020aeb307e80 Exception <a 'java/lang/NoSuchMethodError'{0x00000000d627f6e8}: 'java.lang.Object java.lang.invoke.DirectMethodHandle$Holder.invokeSpecial(java.lang.Object, java.lang.Object, java.lang.Object, int, java.lang.Object, java.lang.Object)'> (0x00000000d627f6e8) 
thrown [s\src\hotspot\share\interpreter\linkResolver.cpp, line 773]
Event: 4.302 Thread 0x0000020aeb307e80 Exception <a 'java/lang/NoSuchMethodError'{0x00000000d6287100}: 'java.lang.Object java.lang.invoke.DirectMethodHandle$Holder.newInvokeSpecial(java.lang.Object, java.lang.Object, java.lang.Object, int, java.lang.Object)'> (0x00000000d6287100) 
thrown [s\src\hotspot\share\interpreter\linkResolver.cpp, line 773]
Event: 4.303 Thread 0x0000020aeb307e80 Exception <a 'java/lang/NoSuchMethodError'{0x00000000d628b080}: 'java.lang.Object java.lang.invoke.DirectMethodHandle$Holder.invokeSpecial(java.lang.Object, java.lang.Object, java.lang.Object, java.lang.Object, int, java.lang.Object)'> (0x00000000d628b080) 
thrown [s\src\hotspot\share\interpreter\linkResolver.cpp, line 773]
Event: 4.303 Thread 0x0000020aeb307e80 Exception <a 'java/lang/NoSuchMethodError'{0x00000000d628ebc0}: 'java.lang.Object java.lang.invoke.Invokers$Holder.linkToTargetMethod(java.lang.Object, java.lang.Object, int, java.lang.Object, java.lang.Object)'> (0x00000000d628ebc0) 
thrown [s\src\hotspot\share\interpreter\linkResolver.cpp, line 773]
Event: 4.303 Thread 0x0000020aeb5842f0 Exception <a 'java/lang/NoSuchMethodError'{0x00000000d61a4a68}: 'java.lang.Object java.lang.invoke.DirectMethodHandle$Holder.invokeSpecial(java.lang.Object, java.lang.Object, int, java.lang.Object, java.lang.Object)'> (0x00000000d61a4a68) 
thrown [s\src\hotspot\share\interpreter\linkResolver.cpp, line 773]
Event: 4.318 Thread 0x0000020aeb307e80 Exception <a 'java/lang/NoSuchMethodError'{0x00000000d639e200}: 'void java.lang.invoke.DirectMethodHandle$Holder.invokeSpecial(java.lang.Object, java.lang.Object, java.lang.Object, java.lang.Object, java.lang.Object)'> (0x00000000d639e200) 
thrown [s\src\hotspot\share\interpreter\linkResolver.cpp, line 773]
Event: 5.565 Thread 0x0000020aeb307e80 Exception <a 'java/lang/NoSuchMethodError'{0x00000000d6b625c8}: 'java.lang.Object java.lang.invoke.DirectMethodHandle$Holder.invokeInterface(java.lang.Object, java.lang.Object, java.lang.Object)'> (0x00000000d6b625c8) 
thrown [s\src\hotspot\share\interpreter\linkResolver.cpp, line 773]
Event: 5.622 Thread 0x0000020aeb307e80 Exception <a 'java/lang/NoSuchMethodError'{0x00000000d57ac778}: 'java.lang.Object java.lang.invoke.Invokers$Holder.linkToTargetMethod(java.lang.Object, long, java.lang.Object, java.lang.Object)'> (0x00000000d57ac778) 
thrown [s\src\hotspot\share\interpreter\linkResolver.cpp, line 773]
Event: 5.758 Thread 0x0000020aeb307e80 Exception <a 'java/io/FileNotFoundException'{0x00000000d5fa9c78}> (0x00000000d5fa9c78) 
thrown [s\src\hotspot\share\prims\jni.cpp, line 520]
Event: 5.759 Thread 0x0000020aeb307e80 Exception <a 'java/lang/NoSuchMethodError'{0x00000000d5fb2230}: 'java.lang.Object java.lang.invoke.DirectMethodHandle$Holder.newInvokeSpecial(java.lang.Object, int, java.lang.Object, java.lang.Object)'> (0x00000000d5fb2230) 
thrown [s\src\hotspot\share\interpreter\linkResolver.cpp, line 773]
Event: 6.902 Thread 0x0000020aeb307e80 Exception <a 'java/lang/NoSuchMethodError'{0x00000000d684d668}: 'long java.lang.invoke.Invokers$Holder.invokeExact_MT(java.lang.Object, java.lang.Object)'> (0x00000000d684d668) 
thrown [s\src\hotspot\share\interpreter\linkResolver.cpp, line 773]
Event: 7.020 Thread 0x0000020aeb307e80 Exception <a 'java/lang/NoSuchMethodError'{0x00000000d582a300}: 'double java.lang.invoke.DirectMethodHandle$Holder.invokeStatic(java.lang.Object, java.lang.Object)'> (0x00000000d582a300) 
thrown [s\src\hotspot\share\interpreter\linkResolver.cpp, line 773]
Event: 7.021 Thread 0x0000020aeb307e80 Exception <a 'java/lang/NoSuchMethodError'{0x00000000d582d990}: 'double java.lang.invoke.DirectMethodHandle$Holder.invokeStaticInit(java.lang.Object, java.lang.Object)'> (0x00000000d582d990) 
thrown [s\src\hotspot\share\interpreter\linkResolver.cpp, line 773]
Event: 7.287 Thread 0x0000020aeb307e80 Implicit null exception at 0x0000020ad7fa96f5 to 0x0000020ad7fa97d0

ZGC Phase Switch (0 events):
No events

VM Operations (20 events):
Event: 4.234 Executing non-safepoint VM operation: HandshakeAllThreads (Deoptimize) done
Event: 4.367 Executing non-safepoint VM operation: HandshakeAllThreads (Deoptimize)
Event: 4.367 Executing non-safepoint VM operation: HandshakeAllThreads (Deoptimize) done
Event: 5.369 Executing safepoint VM operation: Cleanup
Event: 5.369 Executing safepoint VM operation: Cleanup done
Event: 5.536 Executing non-safepoint VM operation: HandshakeAllThreads (Deoptimize)
Event: 5.536 Executing non-safepoint VM operation: HandshakeAllThreads (Deoptimize) done
Event: 5.540 Executing non-safepoint VM operation: HandshakeAllThreads (Deoptimize)
Event: 5.540 Executing non-safepoint VM operation: HandshakeAllThreads (Deoptimize) done
Event: 5.561 Executing non-safepoint VM operation: HandshakeAllThreads (Deoptimize)
Event: 5.561 Executing non-safepoint VM operation: HandshakeAllThreads (Deoptimize) done
Event: 5.596 Executing safepoint VM operation: ParallelGCFailedAllocation (Allocation Failure)
Event: 5.599 Executing safepoint VM operation: ParallelGCFailedAllocation (Allocation Failure) done
Event: 6.604 Executing safepoint VM operation: Cleanup
Event: 6.789 Executing safepoint VM operation: Cleanup done
Event: 6.944 Executing safepoint VM operation: CollectForMetadataAllocation (Metadata GC Threshold)
Event: 6.974 Executing safepoint VM operation: CollectForMetadataAllocation (Metadata GC Threshold) done
Event: 7.198 Executing safepoint VM operation: ParallelGCFailedAllocation (Allocation Failure)
Event: 7.199 Executing safepoint VM operation: ParallelGCFailedAllocation (Allocation Failure) done
Event: 8.211 Executing safepoint VM operation: Cleanup

Memory protections (0 events):
No events

Nmethod flushes (0 events):
No events

Events (20 events):
Event: 3.728 Thread 0x0000020ae4dbda10 Thread added: 0x0000020aeb61d290
Event: 3.728 Thread 0x0000020ae4dbda10 Thread added: 0x0000020aeb61d940
Event: 3.728 Thread 0x0000020ae4dbda10 Thread added: 0x0000020aeb622000
Event: 3.906 Thread 0x0000020aeb307e80 Thread added: 0x0000020aeb916420
Event: 4.252 Thread 0x0000020aeb307e80 Thread added: 0x0000020aeb584980
Event: 4.285 Thread 0x0000020aeb307e80 Thread added: 0x0000020aeb5842f0
Event: 4.304 Thread 0x0000020aeb307e80 Thread added: 0x0000020aeb5835d0
Event: 5.511 Thread 0x0000020ae4ec0600 Thread exited: 0x0000020ae4ec0600
Event: 5.511 Thread 0x0000020ae4ec1bf0 Thread exited: 0x0000020ae4ec1bf0
Event: 5.529 Thread 0x0000020ae4dc0700 Thread added: 0x0000020aec10f810
Event: 5.537 Thread 0x0000020aec10f810 Thread added: 0x0000020aec10fec0
Event: 5.537 Thread 0x0000020aec10f810 Thread added: 0x0000020aeb70c7c0
Event: 6.789 Thread 0x0000020aeb622000 Thread exited: 0x0000020aeb622000
Event: 6.789 Thread 0x0000020aeb70c7c0 Thread exited: 0x0000020aeb70c7c0
Event: 6.793 Thread 0x0000020aeb61d290 Thread exited: 0x0000020aeb61d290
Event: 6.793 Thread 0x0000020aec10fec0 Thread exited: 0x0000020aec10fec0
Event: 6.793 Thread 0x0000020aeb61d940 Thread exited: 0x0000020aeb61d940
Event: 6.809 Thread 0x0000020ae4dc0700 Thread added: 0x0000020aeb70c640
Event: 6.809 Thread 0x0000020ae4dc0700 Thread added: 0x0000020aeb61d290
Event: 7.004 Thread 0x0000020aec10f810 Thread added: 0x0000020aeb97f220


Dynamic libraries:
0x00007ff609bf0000 - 0x00007ff609bfe000 	c:\Users\arjij\.vscode\extensions\redhat.java-1.54.0-win32-x64\jre\21.0.10-win32-x86_64\bin\java.exe
0x00007ff952760000 - 0x00007ff9529c7000 	C:\WINDOWS\SYSTEM32\ntdll.dll
0x00007ff951730000 - 0x00007ff9517f9000 	C:\WINDOWS\System32\KERNEL32.DLL
0x00007ff94f880000 - 0x00007ff94fc74000 	C:\WINDOWS\System32\KERNELBASE.dll
0x00007ff94f1a0000 - 0x00007ff94f2eb000 	C:\WINDOWS\System32\ucrtbase.dll
0x00007ff92a920000 - 0x00007ff92a938000 	c:\Users\arjij\.vscode\extensions\redhat.java-1.54.0-win32-x64\jre\21.0.10-win32-x86_64\bin\jli.dll
0x00007ff950980000 - 0x00007ff950b45000 	C:\WINDOWS\System32\USER32.dll
0x00007ff94f030000 - 0x00007ff94f057000 	C:\WINDOWS\System32\win32u.dll
0x00007ff950b60000 - 0x00007ff950b8b000 	C:\WINDOWS\System32\GDI32.dll
0x00007ff94f750000 - 0x00007ff94f87b000 	C:\WINDOWS\System32\gdi32full.dll
0x00007ff94f530000 - 0x00007ff94f5d3000 	C:\WINDOWS\System32\msvcp_win.dll
0x00007ff9148c0000 - 0x00007ff9148de000 	c:\Users\arjij\.vscode\extensions\redhat.java-1.54.0-win32-x64\jre\21.0.10-win32-x86_64\bin\VCRUNTIME140.dll
0x00007ff93eb20000 - 0x00007ff93edb3000 	C:\WINDOWS\WinSxS\amd64_microsoft.windows.common-controls_6595b64144ccf1df_6.0.26100.8115_none_3e075c82e3354f9c\COMCTL32.dll
0x00007ff9524d0000 - 0x00007ff952579000 	C:\WINDOWS\System32\msvcrt.dll
0x00007ff951340000 - 0x00007ff951372000 	C:\WINDOWS\System32\IMM32.DLL
0x00007ff938750000 - 0x00007ff938842000 	D:\WindHawk\Engine\1.7.3\64\windhawk.dll
0x00007ff951a70000 - 0x00007ff951b26000 	C:\WINDOWS\System32\ADVAPI32.dll
0x00007ff951d10000 - 0x00007ff951db7000 	C:\WINDOWS\System32\sechost.dll
0x00007ff951610000 - 0x00007ff951728000 	C:\WINDOWS\System32\RPCRT4.dll
0x00007ff8d7b90000 - 0x00007ff8d7b9c000 	c:\Users\arjij\.vscode\extensions\redhat.java-1.54.0-win32-x64\jre\21.0.10-win32-x86_64\bin\vcruntime140_1.dll
0x00007ff8d7a60000 - 0x00007ff8d7aed000 	c:\Users\arjij\.vscode\extensions\redhat.java-1.54.0-win32-x64\jre\21.0.10-win32-x86_64\bin\msvcp140.dll
0x00007ff8800f0000 - 0x00007ff880e91000 	c:\Users\arjij\.vscode\extensions\redhat.java-1.54.0-win32-x64\jre\21.0.10-win32-x86_64\bin\server\jvm.dll
0x00007ff951380000 - 0x00007ff951400000 	C:\WINDOWS\System32\WS2_32.dll
0x00007ff94ee90000 - 0x00007ff94eeee000 	C:\WINDOWS\SYSTEM32\POWRPROF.dll
0x00007ff943c80000 - 0x00007ff943cb6000 	C:\WINDOWS\SYSTEM32\WINMM.dll
0x00007ff946240000 - 0x00007ff94624b000 	C:\WINDOWS\SYSTEM32\VERSION.dll
0x00007ff94ee70000 - 0x00007ff94ee84000 	C:\WINDOWS\SYSTEM32\UMPDC.dll
0x00007ff94ddc0000 - 0x00007ff94dddb000 	C:\WINDOWS\SYSTEM32\kernel.appcore.dll
0x00007ff8d7b80000 - 0x00007ff8d7b8a000 	c:\Users\arjij\.vscode\extensions\redhat.java-1.54.0-win32-x64\jre\21.0.10-win32-x86_64\bin\jimage.dll
0x00007ff94cf80000 - 0x00007ff94d1c2000 	C:\WINDOWS\SYSTEM32\DBGHELP.DLL
0x00007ff951ef0000 - 0x00007ff952272000 	C:\WINDOWS\System32\combase.dll
0x00007ff951e10000 - 0x00007ff951ee8000 	C:\WINDOWS\System32\OLEAUT32.dll
0x00007ff91daa0000 - 0x00007ff91dadb000 	C:\WINDOWS\SYSTEM32\dbgcore.DLL
0x00007ff94f060000 - 0x00007ff94f105000 	C:\WINDOWS\System32\bcryptPrimitives.dll
0x00007ff91a250000 - 0x00007ff91a25f000 	c:\Users\arjij\.vscode\extensions\redhat.java-1.54.0-win32-x64\jre\21.0.10-win32-x86_64\bin\instrument.dll
0x00007ff931a70000 - 0x00007ff931a90000 	c:\Users\arjij\.vscode\extensions\redhat.java-1.54.0-win32-x64\jre\21.0.10-win32-x86_64\bin\java.dll
0x00007ff950b90000 - 0x00007ff9512f7000 	C:\WINDOWS\System32\SHELL32.dll
0x00007ff94f5e0000 - 0x00007ff94f74a000 	C:\WINDOWS\System32\wintypes.dll
0x00007ff94fc80000 - 0x00007ff9504e8000 	C:\WINDOWS\System32\windows.storage.dll
0x00007ff951970000 - 0x00007ff951a68000 	C:\WINDOWS\System32\SHCORE.dll
0x00007ff951800000 - 0x00007ff951866000 	C:\WINDOWS\System32\shlwapi.dll
0x00007ff94ef50000 - 0x00007ff94ef79000 	C:\WINDOWS\SYSTEM32\profapi.dll
0x00007ff8d7b10000 - 0x00007ff8d7b28000 	c:\Users\arjij\.vscode\extensions\redhat.java-1.54.0-win32-x64\jre\21.0.10-win32-x86_64\bin\zip.dll
0x00007ff8d7b00000 - 0x00007ff8d7b10000 	C:\Users\arjij\.vscode\extensions\redhat.java-1.54.0-win32-x64\jre\21.0.10-win32-x86_64\bin\net.dll
0x00007ff948330000 - 0x00007ff94845d000 	C:\WINDOWS\SYSTEM32\WINHTTP.dll
0x00007ff94e330000 - 0x00007ff94e39c000 	C:\WINDOWS\system32\mswsock.dll
0x00007ff8d7830000 - 0x00007ff8d7846000 	C:\Users\arjij\.vscode\extensions\redhat.java-1.54.0-win32-x64\jre\21.0.10-win32-x86_64\bin\nio.dll
0x00007ff8e36a0000 - 0x00007ff8e36b0000 	c:\Users\arjij\.vscode\extensions\redhat.java-1.54.0-win32-x64\jre\21.0.10-win32-x86_64\bin\verify.dll
0x00007ff91a200000 - 0x00007ff91a245000 	C:\Users\arjij\AppData\Roaming\Code\User\globalStorage\redhat.java\1.54.0\config_win\org.eclipse.equinox.launcher\org.eclipse.equinox.launcher.win32.win32.x86_64_1.3.0.v20260203-2149\eclipse_11919.dll
0x00007ff952580000 - 0x00007ff952717000 	C:\WINDOWS\System32\ole32.dll
0x00007ff94e610000 - 0x00007ff94e62b000 	C:\WINDOWS\SYSTEM32\CRYPTSP.dll
0x00007ff94dd20000 - 0x00007ff94dd59000 	C:\WINDOWS\system32\rsaenh.dll
0x00007ff94e3e0000 - 0x00007ff94e413000 	C:\WINDOWS\SYSTEM32\USERENV.dll
0x00007ff94ef20000 - 0x00007ff94ef4a000 	C:\WINDOWS\SYSTEM32\bcrypt.dll
0x00007ff94e630000 - 0x00007ff94e63c000 	C:\WINDOWS\SYSTEM32\CRYPTBASE.dll
0x00007ff94d830000 - 0x00007ff94d862000 	C:\WINDOWS\SYSTEM32\IPHLPAPI.DLL
0x00007ff951300000 - 0x00007ff95130a000 	C:\WINDOWS\System32\NSI.dll
0x00007ff90d3f0000 - 0x00007ff90d439000 	C:\Users\arjij\AppData\Local\Temp\jna-93082938\jna5217758723232780992.dll
0x00007ff951600000 - 0x00007ff951608000 	C:\WINDOWS\System32\PSAPI.DLL

JVMTI agents:
c:\Users\arjij\.vscode\extensions\redhat.java-1.54.0-win32-x64\lombok\lombok-1.18.39-4050.jar path:c:\Users\arjij\.vscode\extensions\redhat.java-1.54.0-win32-x64\jre\21.0.10-win32-x86_64\bin\instrument.dll, loaded, initialized, instrumentlib options:none

dbghelp: loaded successfully - version: 4.0.5 - missing functions: none
symbol engine: initialized successfully - sym options: 0x614 - pdb path: .;c:\Users\arjij\.vscode\extensions\redhat.java-1.54.0-win32-x64\jre\21.0.10-win32-x86_64\bin;C:\WINDOWS\SYSTEM32;C:\WINDOWS\WinSxS\amd64_microsoft.windows.common-controls_6595b64144ccf1df_6.0.26100.8115_none_3e075c82e3354f9c;D:\WindHawk\Engine\1.7.3\64;c:\Users\arjij\.vscode\extensions\redhat.java-1.54.0-win32-x64\jre\21.0.10-win32-x86_64\bin\server;C:\Users\arjij\AppData\Roaming\Code\User\globalStorage\redhat.java\1.54.0\config_win\org.eclipse.equinox.launcher\org.eclipse.equinox.launcher.win32.win32.x86_64_1.3.0.v20260203-2149;C:\Users\arjij\AppData\Local\Temp\jna-93082938

VM Arguments:
jvm_args: --add-modules=ALL-SYSTEM --add-opens=java.base/java.util=ALL-UNNAMED --add-opens=java.base/java.lang=ALL-UNNAMED --add-opens=java.base/sun.nio.fs=ALL-UNNAMED -Declipse.application=org.eclipse.jdt.ls.core.id1 -Dosgi.bundles.defaultStartLevel=4 -Declipse.product=org.eclipse.jdt.ls.core.product -Djava.import.generatesMetadataFilesAtProjectRoot=false -DDetectVMInstallationsJob.disabled=true -Dfile.encoding=utf8 -XX:+UseParallelGC -XX:GCTimeRatio=4 -XX:AdaptiveSizePolicyWeight=90 -Dsun.zip.disableMemoryMapping=true -Xmx2G -Xms100m -Xlog:disable -javaagent:c:\Users\arjij\.vscode\extensions\redhat.java-1.54.0-win32-x64\lombok\lombok-1.18.39-4050.jar -XX:+HeapDumpOnOutOfMemoryError -XX:HeapDumpPath=c:\Users\arjij\AppData\Roaming\Code\User\workspaceStorage\d5653b72b0dc19411b67ff2f09511794\redhat.java -Daether.dependencyCollector.impl=bf 
java_command: c:\Users\arjij\.vscode\extensions\redhat.java-1.54.0-win32-x64\server\plugins\org.eclipse.equinox.launcher_1.7.100.v20251111-0406.jar -configuration c:\Users\arjij\AppData\Roaming\Code\User\globalStorage\redhat.java\1.54.0\config_win -data c:\Users\arjij\AppData\Roaming\Code\User\workspaceStorage\d5653b72b0dc19411b67ff2f09511794\redhat.java\jdt_ws --pipe=\\.\pipe\lsp-1aa53cb0624967f3051c03a814e3d6b9-sock
java_class_path (initial): c:\Users\arjij\.vscode\extensions\redhat.java-1.54.0-win32-x64\server\plugins\org.eclipse.equinox.launcher_1.7.100.v20251111-0406.jar
Launcher Type: SUN_STANDARD

[Global flags]
    uintx AdaptiveSizePolicyWeight                 = 90                                        {product} {command line}
     intx CICompilerCount                          = 12                                        {product} {ergonomic}
    uintx GCTimeRatio                              = 4                                         {product} {command line}
     bool HeapDumpOnOutOfMemoryError               = true                                   {manageable} {command line}
    ccstr HeapDumpPath                             = c:\Users\arjij\AppData\Roaming\Code\User\workspaceStorage\d5653b72b0dc19411b67ff2f09511794\redhat.java         {manageable} {command line}
   size_t InitialHeapSize                          = 104857600                                 {product} {command line}
   size_t MaxHeapSize                              = 2147483648                                {product} {command line}
   size_t MaxNewSize                               = 715653120                                 {product} {ergonomic}
   size_t MinHeapDeltaBytes                        = 524288                                    {product} {ergonomic}
   size_t MinHeapSize                              = 104857600                                 {product} {command line}
   size_t NewSize                                  = 34603008                                  {product} {ergonomic}
    uintx NonNMethodCodeHeapSize                   = 7602480                                {pd product} {ergonomic}
    uintx NonProfiledCodeHeapSize                  = 122027880                              {pd product} {ergonomic}
   size_t OldSize                                  = 70254592                                  {product} {ergonomic}
    uintx ProfiledCodeHeapSize                     = 122027880                              {pd product} {ergonomic}
    uintx ReservedCodeCacheSize                    = 251658240                              {pd product} {ergonomic}
     bool SegmentedCodeCache                       = true                                      {product} {ergonomic}
   size_t SoftMaxHeapSize                          = 2147483648                             {manageable} {ergonomic}
     bool UseCompressedOops                        = true                           {product lp64_product} {ergonomic}
     bool UseLargePagesIndividualAllocation        = false                                  {pd product} {ergonomic}
     bool UseParallelGC                            = true                                      {product} {command line}

Logging:
Log output configuration:
 #0: stdout all=off uptime,level,tags foldmultilines=false
 #1: stderr all=off uptime,level,tags foldmultilines=false

Release file:
JAVA_VERSION="21.0.10" 
MODULES="java.base java.compiler java.datatransfer java.xml java.prefs java.desktop java.instrument java.logging java.management java.security.sasl java.naming java.rmi java.management.rmi java.net.http java.scripting java.security.jgss java.transaction.xa java.sql java.sql.rowset java.xml.crypto java.se java.smartcardio jdk.accessibility jdk.internal.jvmstat jdk.attach jdk.charsets jdk.internal.opt jdk.zipfs jdk.compiler jdk.crypto.ec jdk.crypto.cryptoki jdk.crypto.mscapi jdk.dynalink jdk.internal.ed jdk.editpad jdk.hotspot.agent jdk.httpserver jdk.internal.le jdk.internal.vm.ci jdk.internal.vm.compiler jdk.internal.vm.compiler.management jdk.jartool jdk.javadoc jdk.jcmd jdk.management jdk.management.agent jdk.jconsole jdk.jdeps jdk.jdwp.agent jdk.jdi jdk.jfr jdk.jshell jdk.jsobject jdk.jstatd jdk.localedata jdk.management.jfr jdk.naming.dns jdk.naming.rmi jdk.net jdk.nio.mapmode jdk.random jdk.sctp jdk.security.auth jdk.security.jgss jdk.unsupported jdk.unsupported.desktop jdk.xml.dom" 

Environment Variables:
PATH=C:\Program Files\Common Files\Oracle\Java\javapath;C:\Program Files (x86)\Common Files\Oracle\Java\javapath;C:\Windows\system32;C:\Windows;C:\Windows\System32\Wbem;C:\Windows\System32\WindowsPowerShell\v1.0\;C:\Windows\System32\OpenSSH\;C:\Program Files\Git\cmd;C:\Program Files\dotnet\??????;C:\Program Files\dotnet\;C:\WINDOWS\system32;C:\WINDOWS;C:\WINDOWS\System32\Wbem;C:\WINDOWS\System32\WindowsPowerShell\v1.0\;C:\WINDOWS\System32\OpenSSH\;C:\Program Files (x86)\NVIDIA Corporation\PhysX\Common;C:\Program Files\NVIDIA Corporation\NVIDIA app\NvDLISR;C:\Program Files\MongoDB\Server\8.0\bin;C:\Users\arjij\AppData\Local\nvm;C:\nvm4w\nodejs;C:\Program Files\PowerShell\7\;C:\Program Files\Cloudflare\Cloudflare WARP\;C:\Program Files\Docker\Docker\resources\bin;C:\Users\arjij\AppData\Local\Programs\Python\Python313\Scripts\;C:\Users\arjij\AppData\Local\Programs\Python\Python313\;C:\Users\arjij\AppData\Local\Programs\Python\Launcher\;C:\Users\arjij\AppData\Local\Microsoft\WindowsApps;D:\PyCharm Community Edition 2023.3.5\bin;C:\Users\arjij\AppData\Local\Programs\Microsoft VS Code\bin;C:\Users\arjij\AppData\Local\GitHubDesktop\bin;C:\Users\arjij\AppData\Roaming\npm;C:\Program Files\apache-maven-3.9.9\bin;C:\mingw64\bin;C:\Users\arjij\.fly\bin;C:\Program Files\PostgreSQL\17\bin;C:\Users\arjij\AppData\Local\nvm;C:\nvm4w\nodejs;D:\Android Studio\flutter\bin;D:\flutter\bin;D:\Antigravity\bin
USERNAME=arjij
OS=Windows_NT
PROCESSOR_IDENTIFIER=AMD64 Family 25 Model 68 Stepping 1, AuthenticAMD
TMP=C:\Users\arjij\AppData\Local\Temp
TEMP=C:\Users\arjij\AppData\Local\Temp




Periodic native trim disabled

---------------  S Y S T E M  ---------------

OS:
 Windows 11 , 64 bit Build 26100 (10.0.26100.8246)
OS uptime: 0 days 1:07 hours
Hyper-V role detected

CPU: total 16 (initial active 16) (16 cores per cpu, 2 threads per core) family 25 model 68 stepping 1 microcode 0xa404102, cx8, cmov, fxsr, ht, mmx, 3dnowpref, sse, sse2, sse3, ssse3, sse4a, sse4.1, sse4.2, popcnt, lzcnt, tsc, tscinvbit, avx, avx2, aes, erms, clmul, bmi1, bmi2, adx, sha, fma, vzeroupper, clflush, clflushopt, hv, rdtscp, rdpid, fsrm, f16c, cet_ss
Processor Information for the first 16 processors :
  Max Mhz: 3201, Current Mhz: 3201, Mhz Limit: 3201

Memory: 4k page, system-wide physical 15628M (875M free)
TotalPageFile size 27916M (AvailPageFile size 17M)
current process WorkingSet (physical memory assigned to process): 161M, peak: 161M
current process commit charge ("private bytes"): 306M, peak: 306M

vm_info: OpenJDK 64-Bit Server VM (21.0.10+7-LTS) for windows-amd64 JRE (21.0.10+7-LTS), built on 2026-01-20T00:00:00Z by "admin" with MS VC++ 17.12 (VS2022)

END.
